Archive member included to satisfy reference by file (symbol)

build/us/libultra.a(bcopy.o)  build/us/src/game/save_file.o (bcopy)
build/us/libultra.a(bzero.o)  build/us/src/game/memory.o (bzero)
build/us/libultra.a(osInvalDCache.o)
                              build/us/src/game/memory.o (osInvalDCache)
build/us/libultra.a(osInvalICache.o)
                              build/us/src/game/memory.o (osInvalICache)
build/us/libultra.a(osMapTLB.o)
                              build/us/src/game/main.o (osMapTLB)
build/us/libultra.a(osUnmapTLBAll.o)
                              build/us/src/game/main.o (osUnmapTLBAll)
build/us/libultra.a(osWritebackDCache.o)
                              build/us/src/audio/playback.o (osWritebackDCache)
build/us/libultra.a(osWritebackDCacheAll.o)
                              build/us/src/game/main.o (osWritebackDCacheAll)
build/us/libultra.a(parameters.o)
                              build/us/src/game/main.o (osTvType)
build/us/libultra.a(alBnkfNew.o)
                              build/us/src/audio/load.o (alSeqFileNew)
build/us/libultra.a(guOrthoF.o)
                              build/us/src/game/rendering_graph_node.o (guOrtho)
build/us/libultra.a(guPerspectiveF.o)
                              build/us/src/game/rendering_graph_node.o (guPerspective)
build/us/libultra.a(guRotateF.o)
                              build/us/src/game/paintings.o (guRotate)
build/us/libultra.a(guScaleF.o)
                              build/us/src/game/paintings.o (guScale)
build/us/libultra.a(guTranslateF.o)
                              build/us/src/game/paintings.o (guTranslate)
build/us/libultra.a(osAiGetLength.o)
                              build/us/src/audio/external.o (osAiGetLength)
build/us/libultra.a(osAiSetFrequency.o)
                              build/us/src/audio/heap.o (osAiSetFrequency)
build/us/libultra.a(osAiSetNextBuffer.o)
                              build/us/src/audio/external.o (osAiSetNextBuffer)
build/us/libultra.a(osContInit.o)
                              build/us/src/game/game.o (osContInit)
build/us/libultra.a(osContStartReadData.o)
                              build/us/libultra.a(osContInit.o) (D_80365CE0)
build/us/libultra.a(osCreateMesgQueue.o)
                              build/us/src/game/main.o (osCreateMesgQueue)
build/us/libultra.a(osCreatePiManager.o)
                              build/us/src/game/main.o (osCreatePiManager)
build/us/libultra.a(osCreateThread.o)
                              build/us/src/game/main.o (osCreateThread)
build/us/libultra.a(osCreateViManager.o)
                              build/us/src/game/main.o (osCreateViManager)
build/us/libultra.a(osEepromLongRead.o)
                              build/us/src/game/save_file.o (osEepromLongRead)
build/us/libultra.a(osEepromLongWrite.o)
                              build/us/src/game/save_file.o (osEepromLongWrite)
build/us/libultra.a(osEepromProbe.o)
                              build/us/src/game/game.o (osEepromProbe)
build/us/libultra.a(osEepromRead.o)
                              build/us/libultra.a(osEepromLongRead.o) (osEepromRead)
build/us/libultra.a(osEepromWrite.o)
                              build/us/libultra.a(osEepromRead.o) (D_80365E00)
build/us/libultra.a(osGetThreadPri.o)
                              build/us/libultra.a(osCreatePiManager.o) (osGetThreadPri)
build/us/libultra.a(osGetTime.o)
                              build/us/src/game/profiler.o (osGetTime)
build/us/libultra.a(osInitialize.o)
                              build/us/src/game/profiler.o (osClockRate)
build/us/libultra.a(osPiRawReadIo.o)
                              build/us/libultra.a(osInitialize.o) (osPiRawReadIo)
build/us/libultra.a(osPiRawStartDma.o)
                              build/us/libultra.a(osCreatePiManager.o) (osPiRawStartDma)
build/us/libultra.a(osPiStartDma.o)
                              build/us/src/game/memory.o (osPiStartDma)
build/us/libultra.a(osRecvMesg.o)
                              build/us/src/game/main.o (osRecvMesg)
build/us/libultra.a(osSendMesg.o)
                              build/us/src/game/main.o (osSendMesg)
build/us/libultra.a(osSetEventMesg.o)
                              build/us/src/game/main.o (osSetEventMesg)
build/us/libultra.a(osSetThreadPri.o)
                              build/us/src/game/main.o (osSetThreadPri)
build/us/libultra.a(osSetTime.o)
                              build/us/src/game/main.o (osSetTime)
build/us/libultra.a(osSetTimer.o)
                              build/us/libultra.a(osContInit.o) (osSetTimer)
build/us/libultra.a(osSpTaskLoadGo.o)
                              build/us/src/game/main.o (osSpTaskLoad)
build/us/libultra.a(osSpTaskYield.o)
                              build/us/src/game/main.o (osSpTaskYield)
build/us/libultra.a(osSpTaskYielded.o)
                              build/us/src/game/main.o (osSpTaskYielded)
build/us/libultra.a(osStartThread.o)
[...]
Memory Configuration

Name             Origin             Length             Attributes
*default*        0x00000000         0xffffffff

Linker script and memory map

                0x80000000                        D_80000000 = 0x80000000
                0xa4000000                        D_A4000000 = 0xa4000000
                0xa40004c0                        D_A40004C0 = 0xa40004c0
                0xa4000774                        D_A4000774 = 0xa4000774
                0xa4001000                        D_A4001000 = 0xa4001000
                0xa4040010                        D_A4040010 = 0xa4040010
                0xa4080000                        D_A4080000 = 0xa4080000
                0xa4300000                        D_A4300000 = 0xa4300000
                0xa4300004                        D_A4300004 = 0xa4300004
                0xa4300008                        D_A4300008 = 0xa4300008
                0xa430000c                        D_A430000C = 0xa430000c
                0xa4400010                        D_A4400010 = 0xa4400010
                0xa450000c                        D_A450000C = 0xa450000c
                0xa4600000                        D_A4600000 = 0xa4600000
                0xa4600004                        D_A4600004 = 0xa4600004
                0xa460000c                        D_A460000C = 0xa460000c
                0xa4600010                        D_A4600010 = 0xa4600010
                0xa4700000                        D_A4700000 = 0xa4700000
                0xa4700010                        D_A4700010 = 0xa4700010
                0xa4800018                        D_A4800018 = 0xa4800018
                0xb0000008                        D_B0000008 = 0xb0000008
                0xb0000010                        D_B0000010 = 0xb0000010
                0xb0000014                        D_B0000014 = 0xb0000014
                0xc0000000                        D_C0000000 = 0xc0000000
                0xc0000008                        D_C0000008 = 0xc0000008
                0xc000000c                        D_C000000C = 0xc000000c
                0x802f69cc                        func_sh_802F69CC = 0x802f69cc
                0x8024cc7c                        func_sh_8024CC7C = 0x8024cc7c
                0x0079f100                        __romPos = 0x0
                0x04000000                        _bootSegmentStart = ADDR (.boot)
                0x00000000                        _bootSegmentRomStart = __romPos

.boot           0x04000000     0x1000 load address 0x00000000
 build/us/asm/rom_header.o(.text)
 .text          0x04000000       0x40 build/us/asm/rom_header.o
 build/us/asm/boot.o(.text)
 .text          0x04000040      0xfc0 build/us/asm/boot.o
                0x04001000                        _bootSegmentEnd = (ADDR (.boot) + SIZEOF (.boot))
                0x00001000                        _bootSegmentRomEnd = (__romPos + SIZEOF (.boot))
                0x0079f100                        __romPos = (__romPos + SIZEOF (.boot))
                0x80000400                        . = 0x80000400
                0x80000400                        _zbufferSegmentNoloadStart = ADDR (.zbuffer.noload)

.zbuffer.noload
                0x80000400    0x25800 load address 0x7c000400
 build/us/src/buffers/zbuffer.o(.bss*)
 .bss           0x80000400    0x25800 build/us/src/buffers/zbuffer.o
                0x80000400                gZBuffer
                0x800e1000                        _mainSegmentStart = ADDR (.main)
                0x00001000                        _mainSegmentRomStart = __romPos

.main           0x800e1000    0xc9310 load address 0x00001000
 build/us/asm/entry.o(.text)
 .text          0x800e1000       0x50 build/us/asm/entry.o
                0x800e1000                entry_point
 build/us/src/game/crash_screen.o(.text)
 build/us/src/game/main.o(.text)
 .text          0x800e1050      0xc20 build/us/src/game/main.o
                0x800e1050                handle_debug_key_sequences
                0x800e1130                unknown_main_func
                0x800e1184                stub_main_1
                0x800e118c                stub_main_2
                0x800e1194                stub_main_3
                0x800e119c                setup_mesg_queues
                0x800e1278                alloc_pool
                0x800e12b0                create_thread
                0x800e12e4                handle_nmi_request
                0x800e1328                receive_new_tasks
                0x800e1454                start_sptask
                0x800e14c0                interrupt_gfx_sptask
                0x800e14fc                start_gfx_sptask
                0x800e154c                pretend_audio_sptask_done
                0x800e1594                handle_vblank
                0x800e16d0                handle_sp_complete
                0x800e17f8                handle_dp_complete
                0x800e1850                thread3_main
                0x800e19a4                set_vblank_handler
                0x800e19e4                send_sp_task_message
                0x800e1a18                dispatch_audio_sptask
                0x800e1a64                send_display_list
                0x800e1ad0                turn_on_audio
                0x800e1ae0                turn_off_audio
                0x800e1b08                thread1_idle
                0x800e1c00                main_func
 build/us/src/game/display.o(.text)
 .text          0x800e1c70      0xda0 build/us/src/game/display.o
                0x800e1c70                my_rdp_init
                0x800e1e5c                my_rsp_init
                0x800e1ee4                clear_z_buffer
                0x800e1fa8                display_frame_buffer
                0x800e2040                clear_frame_buffer
                0x800e2108                clear_viewport
                0x800e229c                draw_screen_borders
                0x800e2378                make_viewport_clip_rect
                0x800e24b8                create_task_structure
                0x800e25e0                init_render_image
                0x800e2620                end_master_display_list
                0x800e2694                draw_reset_bars
                0x800e27b4                rendering_init
                0x800e285c                config_gfx_pool
                0x800e28e8                display_and_vsync
 build/us/src/game/game.o(.text)
 .text          0x800e2a10      0x770 build/us/src/game/game.o
                0x800e2a18                adjust_analog_stick
                0x800e2b18                run_demo_inputs
                0x800e2c1c                read_controller_inputs
                0x800e2d84                init_controllers
                0x800e2e80                setup_game_memory
                0x800e2fdc                thread5_game_loop
 build/us/src/game/sound_init.o(.text)
 .text          0x800e3180      0x820 build/us/src/game/sound_init.o
                0x800e3180                reset_volume
                0x800e318c                lower_background_noise
                0x800e31fc                raise_background_noise
                0x800e326c                disable_background_sound
                0x800e32a8                enable_background_sound
                0x800e32e4                set_sound_mode
                0x800e3320                play_menu_sounds
                0x800e347c                play_painting_eject_sound
                0x800e34f4                play_infinite_stairs_music
                0x800e35c4                set_background_music
                0x800e3674                fadeout_music
                0x800e36b4                fadeout_level_music
                0x800e36f8                play_cutscene_music
                0x800e372c                play_shell_music
                0x800e375c                stop_shell_music
                0x800e3798                play_cap_music
                0x800e37f4                fadeout_cap_music
                0x800e3824                stop_cap_music
                0x800e388c                audio_game_loop_tick
                0x800e38ac                thread4_sound
 build/us/src/game/level_update.o(.text)
 .text          0x800e39a0     0x2340 build/us/src/game/level_update.o
                0x800e39a0                level_control_timer
                0x800e3a3c                pressed_pause
                0x800e3abc                set_play_mode
                0x800e3ad4                warp_special
                0x800e3af4                fade_into_special_warp
                0x800e3b50                stub_level_update_1
                0x800e3b58                load_level_init_text
                0x800e3c24                init_door_warp
                0x800e3cb8                set_mario_initial_cap_powerup
                0x800e3d34                set_mario_initial_action
                0x800e3f3c                init_mario_after_warp
                0x800e4310                warp_area
                0x800e4364                warp_level
                0x800e43a8                warp_credits
                0x800e4504                check_instant_warp
                0x800e46a4                music_changed_through_warp
                0x800e47c0                initiate_warp
                0x800e4868                get_painting_warp_node
                0x800e48d4                initiate_painting_warp
                0x800e4a28                level_trigger_warp
                0x800e4f10                initiate_delayed_warp
                0x800e5130                update_hud_values
                0x800e52f8                basic_update
                0x800e5338                play_mode_normal
                0x800e54ec                play_mode_paused
                0x800e55b4                play_mode_frame_advance
                0x800e564c                level_set_transition
                0x800e5664                play_mode_change_area
                0x800e56ec                play_mode_change_level
                0x800e5784                update_level
                0x800e5830                init_level
                0x800e5a54                lvl_init_or_update
                0x800e5ab8                lvl_init_from_save_file
                0x800e5b58                lvl_set_current_level
                0x800e5ca4                lvl_play_the_end_screen_sound
 build/us/src/game/interaction.o(.text)
 .text          0x800e5ce0     0x3720 build/us/src/game/interaction.o
                0x800e5ce0                get_mario_cap_flag
                0x800e5d5c                object_facing_mario
                0x800e5dd0                mario_obj_angle_to_object
                0x800e5e04                determine_interaction
                0x800e6068                attack_object
                0x800e6108                mario_stop_riding_object
                0x800e6144                mario_grab_used_object
                0x800e6180                mario_drop_held_object
                0x800e6228                mario_throw_held_object
                0x800e631c                mario_stop_riding_and_holding
                0x800e6370                does_mario_have_hat
                0x800e6384                mario_blow_off_cap
                0x800e6498                mario_lose_cap_to_enemy
                0x800e6510                mario_retrieve_cap
                0x800e6568                able_to_grab_object
                0x800e65e0                mario_get_collided_object
                0x800e662c                mario_check_object_grab
                0x800e674c                bully_knock_back_mario
                0x800e6960                bounce_off_object
                0x800e69bc                hit_object_from_below
                0x800e69f4                determine_knockback_action
                0x800e6c34                push_mario_out_of_object
                0x800e6d94                bounce_back_from_attack
                0x800e6e44                should_push_or_pull_door
                0x800e6eb0                take_damage_from_interact_object
                0x800e6f54                take_damage_and_knock_back
                0x800e7040                reset_mario_pitch
                0x800e70a8                interact_coin
                0x800e7134                interact_water_ring
                0x800e715c                interact_star_or_key
                0x800e730c                interact_bbh_entrance
                0x800e739c                interact_warp
                0x800e74ec                interact_warp_door
                0x800e767c                get_door_save_file_flag
                0x800e7744                interact_door
                0x800e7960                interact_cannon_base
                0x800e79c8                interact_igloo_barrier
                0x800e79fc                interact_tornado
                0x800e7adc                interact_whirlpool
                0x800e7b88                interact_strong_wind
                0x800e7c48                interact_flame
                0x800e7d8c                interact_snufit_bullet
                0x800e7e70                interact_clam_or_bubba
                0x800e7ef8                interact_bully
                0x800e8054                interact_shock
                0x800e8154                interact_mr_blizzard
                0x800e81a8                interact_hit_from_below
                0x800e82f4                interact_bounce_top
                0x800e841c                interact_unknown_08
                0x800e84ac                interact_damage
                0x800e8500                interact_breakable
                0x800e85ac                interact_koopa_shell
                0x800e8674                check_object_grab_mario
                0x800e875c                interact_pole
                0x800e889c                interact_hoot
                0x800e8938                interact_cap
                0x800e8ab4                interact_grabbable
                0x800e8bc8                mario_can_talk
                0x800e8c38                check_read_sign
                0x800e8d58                check_npc_talk
                0x800e8e20                interact_text
                0x800e8e8c                check_kick_or_punch_wall
                0x800e8fd8                mario_process_interactions
                0x800e9144                check_death_barrier
                0x800e91c0                check_lava_boost
                0x800e9254                pss_begin_slide
                0x800e929c                pss_end_slide
                0x800e9308                mario_handle_special_floors
 build/us/src/game/mario.o(.text)
 .text          0x800e9400     0x38c0 build/us/src/game/mario.o
                0x800e9400                is_anim_at_end
                0x800e9420                is_anim_past_end
                0x800e9440                set_mario_animation
                0x800e951c                set_mario_anim_with_accel
                0x800e9614                set_anim_to_frame
                0x800e9690                is_anim_past_frame
                0x800e9748                find_mario_anim_flags_and_translation
                0x800e98c8                update_mario_pos_for_anim
                0x800e995c                return_mario_anim_y_translation
                0x800e9988                play_sound_if_no_flag
                0x800e99e4                play_mario_jump_sound
                0x800e9aa4                adjust_sound_for_speed
                0x800e9b14                play_sound_and_spawn_particles
                0x800e9bf8                play_mario_action_sound
                0x800e9c3c                play_mario_landing_sound
                0x800e9c80                play_mario_landing_sound_once
                0x800e9cc4                play_mario_heavy_landing_sound
                0x800e9d08                play_mario_heavy_landing_sound_once
                0x800e9d4c                play_mario_sound
                0x800e9dec                mario_set_forward_vel
                0x800e9e3c                mario_get_floor_class
                0x800e9f14                mario_get_terrain_sound_addend
                0x800ea040                resolve_and_return_wall_collisions
                0x800ea0d0                vec3f_find_ceil
                0x800ea10c                mario_facing_downhill
                0x800ea168                mario_floor_is_slippery
                0x800ea230                mario_floor_is_slope
                0x800ea2f8                mario_floor_is_steep
                0x800ea39c                find_floor_height_relative_polar
                0x800ea424                find_floor_slope
                0x800ea568                update_mario_sound_and_camera
                0x800ea638                set_steep_jump_action
                0x800eae48                set_mario_action
                0x800eaf54                set_jump_from_landing
                0x800eb13c                set_jumping_action
                0x800eb1dc                drop_and_set_mario_action
                0x800eb214                hurt_and_set_mario_action
                0x800eb238                check_common_action_exits
                0x800eb2d4                check_common_hold_action_exits
                0x800eb36c                transition_submerged_to_walking
                0x800eb3ec                set_water_plunge_action
                0x800eb4b0                squish_mario_model
                0x800eb604                debug_print_speed_action_normal
                0x800eb6ec                update_mario_button_inputs
                0x800eb7fc                update_mario_joystick_inputs
                0x800eb8d0                update_mario_geometry_inputs
                0x800ebb48                update_mario_inputs
                0x800ebc4c                set_submerged_cam_preset_and_spawn_bubbles
                0x800ebd9c                update_mario_health
                0x800ebf5c                update_mario_info_for_cam
                0x800ebfc8                mario_reset_bodystate
                0x800ebff8                sink_mario_in_quicksand
                0x800ec02c                update_and_return_cap_flags
                0x800ec15c                mario_update_hitbox_and_cap_model
                0x800ec2bc                execute_mario_action
                0x800ec84c                init_mario
                0x800ecbb0                init_mario_from_save_file
 build/us/src/game/mario_step.o(.text)
 .text          0x800eccc0     0x1660 build/us/src/game/mario_step.o
                0x800eccc0                get_additive_y_vel_for_jumps
                0x800ecccc                stub_mario_step_1
                0x800eccd4                stub_mario_step_2
                0x800eccdc                transfer_bully_speed
                0x800ecdf8                init_bully_collision_data
                0x800ece84                mario_bonk_reflection
                0x800ecf58                mario_update_quicksand
                0x800ed0ec                mario_push_off_steep_floor
                0x800ed15c                mario_update_moving_sand
                0x800ed208                mario_update_windy_ground
                0x800ed350                stop_and_set_height_to_floor
                0x800ed3bc                stationary_ground_step
                0x800ed660                perform_ground_step
                0x800ed778                check_ledge_grab
                0x800ed8e0                perform_air_quarter_step
                0x800edc10                apply_twirl_gravity
                0x800edc84                should_strengthen_gravity_for_jump_ascent
                0x800edd08                apply_gravity
                0x800edfd8                apply_vertical_wind
                0x800ee0cc                perform_air_step
                0x800ee25c                set_vel_from_pitch_and_yaw
                0x800ee2d4                set_vel_from_yaw
 build/us/src/game/mario_actions_cutscene.o(.text)
 .text          0x800ee320     0x58d0 build/us/src/game/mario_actions_cutscene.o
                0x800ee320                get_credits_str_width
                0x800ee360                print_displaying_credits_entry
                0x800ee4f8                bhv_end_peach_loop
                0x800ee558                bhv_end_toad_loop
                0x800ee5dc                geo_switch_peach_eyes
                0x800ee688                get_star_collection_dialog
                0x800ee6e0                handle_save_menu
                0x800ee7d0                spawn_obj_at_mario_rel_yaw
                0x800ee828                cutscene_take_cap_off
                0x800ee870                cutscene_put_cap_on
                0x800ee8b8                mario_ready_to_speak
                0x800ee908                set_mario_npc_dialog
                0x800ee9d0                act_reading_npc_dialog
                0x800eeb6c                act_waiting_for_dialog
                0x800eebd8                act_disappeared
                0x800eec3c                act_reading_automatic_dialog
                0x800eedf4                act_reading_sign
                0x800eef44                act_debug_free_move
                0x800ef174                general_star_dance_handler
                0x800ef3ac                act_star_dance
                0x800ef438                act_star_dance_water
                0x800ef4e8                act_fall_after_star_grab
                0x800ef5c0                common_death_handler
                0x800ef618                act_standing_death
                0x800ef6a0                act_electrocution
                0x800ef6e0                act_suffocation
                0x800ef720                act_death_on_back
                0x800ef778                act_death_on_stomach
                0x800ef7d0                act_quicksand_death
                0x800ef8b4                act_eaten_by_bubba
                0x800ef928                launch_mario_until_land
                0x800ef99c                act_unlocking_key_door
                0x800efb30                act_unlocking_star_door
                0x800efc98                act_entering_star_door
                0x800efea8                act_going_through_door
                0x800effc8                act_warp_door_spawn
                0x800f00a4                act_emerge_from_pipe
                0x800f01a4                act_spawn_spin_airborne
                0x800f02b4                act_spawn_spin_landing
                0x800f0310                act_exit_airborne
                0x800f0384                act_falling_exit_airborne
                0x800f03e4                act_exit_land_save_dialog
                0x800f0680                act_death_exit
                0x800f0700                act_unused_death_exit
                0x800f076c                act_falling_death_exit
                0x800f07d8                act_special_exit_airborne
                0x800f089c                act_special_death_exit
                0x800f0934                act_spawn_no_spin_airborne
                0x800f0998                act_spawn_no_spin_landing
                0x800f0a08                act_bbh_enter_spin
                0x800f0d3c                act_bbh_enter_jump
                0x800f0e6c                act_teleport_fade_out
                0x800f0f14                act_teleport_fade_in
                0x800f1024                act_shocked
                0x800f1130                act_squished
                0x800f1498                act_putting_on_cap
                0x800f151c                stuck_in_ground_handler
                0x800f1638                act_head_stuck_in_ground
                0x800f1678                act_butt_stuck_in_ground
                0x800f16b8                act_feet_stuck_in_ground
                0x800f3730                mario_execute_cutscene_action
 build/us/src/game/mario_actions_automatic.o(.text)
 .text          0x800f3bf0     0x2190 build/us/src/game/mario_actions_automatic.o
                0x800f3bf0                add_tree_leaf_particles
                0x800f3c84                play_climbing_sounds
                0x800f3d3c                set_pole_position
                0x800f3f94                act_holding_pole
                0x800f429c                act_climbing_pole
                0x800f4438                act_grab_pole_slow
                0x800f44b0                act_grab_pole_fast
                0x800f458c                act_top_of_pole_transition
                0x800f4650                act_top_of_pole
                0x800f4724                perform_hanging_step
                0x800f4894                update_hang_moving
                0x800f49e8                update_hang_stationary
                0x800f4a50                act_start_hanging
                0x800f4b70                act_hanging
                0x800f4c58                act_hang_moving
                0x800f4db4                let_go_of_ledge
                0x800f4e84                climb_up_ledge
                0x800f4f08                update_ledge_climb_camera
                0x800f4fcc                update_ledge_climb
                0x800f5040                act_ledge_grab
                0x800f5248                act_ledge_climb_slow
                0x800f5318                act_ledge_climb_down
                0x800f5384                act_ledge_climb_fast
                0x800f541c                act_grabbed
                0x800f54c4                act_in_cannon
                0x800f5814                act_tornado_twirling
                0x800f5ae4                check_common_automatic_cancels
                0x800f5b38                mario_execute_automatic_action
 build/us/src/game/mario_actions_stationary.o(.text)
 .text          0x800f5d80     0x29c0 build/us/src/game/mario_actions_stationary.o
                0x800f5d80                check_common_idle_cancels
                0x800f5ee8                check_common_hold_idle_cancels
                0x800f6050                act_idle
                0x800f62a4                play_anim_sound
                0x800f62e4                act_start_sleeping
                0x800f64cc                act_sleeping
                0x800f66e0                act_waking_up
                0x800f6820                act_shivering
                0x800f69e0                act_coughing
                0x800f6abc                act_hold_idle
                0x800f6ba8                act_hold_heavy_idle
                0x800f6c74                act_standing_against_wall
                0x800f6d20                act_in_quicksand
                0x800f6dd0                act_crouching
                0x800f6f00                act_panting
                0x800f6fe0                act_hold_panting_unused
                0x800f70b8                stopping_step
                0x800f7108                act_braking_stop
                0x800f71bc                act_butt_slide_stop
                0x800f724c                act_unknown_03F
                0x800f7300                act_slide_kick_slide_stop
                0x800f7370                act_start_crouching
                0x800f7458                act_stop_crouching
                0x800f7540                act_start_crawling
                0x800f7628                act_stop_crawling
                0x800f76ec                act_unknown_026
                0x800f78b0                landing_step
                0x800f790c                check_common_landing_cancels
                0x800f79d4                act_jump_land_stop
                0x800f7a1c                act_double_jump_land_stop
                0x800f7a64                act_side_flip_land_stop
                0x800f7ac4                act_freefall_land_stop
                0x800f7b0c                act_triple_jump_land_stop
                0x800f7b58                act_backflip_land_stop
                0x800f7bcc                act_lava_boost_land
                0x800f7c20                act_long_jump_land_stop
                0x800f7c90                act_unknown_034
                0x800f7d44                act_unknown_035
                0x800f7df8                act_air_throw_land
                0x800f7e8c                act_twirl_land
                0x800f7f9c                act_ground_pound_land
                0x800f8034                act_first_person
                0x800f8188                check_common_stationary_cancels
                0x800f8280                mario_execute_stationary_action
 build/us/src/game/mario_actions_moving.o(.text)
 .text          0x800f8740     0x4c70 build/us/src/game/mario_actions_moving.o
                0x800f8740                tilt_body_running
                0x800f8798                play_step_sound
                0x800f88b8                align_with_floor
                0x800f8924                begin_walking_action
                0x800f896c                check_ledge_climb_down
                0x800f8ac4                slide_bonk
                0x800f8b40                set_triple_jump_action
                0x800f8bc4                update_sliding_angle
                0x800f8e1c                update_sliding
                0x800f9124                apply_slope_accel
                0x800f92b0                apply_landing_accel
                0x800f932c                update_shell_speed
                0x800f94e4                apply_slope_decel
                0x800f95b8                update_decelerating_speed
                0x800f9634                update_walking_speed
                0x800f97d4                should_begin_sliding
                0x800f985c                analog_stick_held_back
                0x800f988c                check_ground_dive_or_punch
                0x800f9930                begin_braking_action
                0x800f99e8                anim_and_audio_for_walk
                0x800f9d24                anim_and_audio_for_hold_walk
                0x800f9f48                anim_and_audio_for_heavy_walk
                0x800f9f98                push_or_sidle_wall
                0x800fa140                tilt_body_walking
                0x800fa26c                tilt_body_ground_shell
                0x800fa398                act_walking
                0x800fa58c                act_move_punching
                0x800fa6c0                act_hold_walking
                0x800fa8c4                act_hold_heavy_walking
                0x800fa9e4                act_turning_around
                0x800fabd0                act_finish_turning_around
                0x800faca4                act_braking
                0x800fade0                act_decelerating
                0x800faff8                act_hold_decelerating
                0x800fb240                act_riding_shell_ground
                0x800fb410                act_crawling
                0x800fb5d4                act_burning_ground
                0x800fb818                tilt_body_butt_slide
                0x800fb8ac                common_slide_action
                0x800fbad0                common_slide_action_with_jump
                0x800fbb64                act_butt_slide
                0x800fbbb4                act_hold_butt_slide
                0x800fbc2c                act_crouch_slide
                0x800fbd70                act_slide_kick_slide
                0x800fbea0                stomach_slide_action
                0x800fbf64                act_stomach_slide
                0x800fbf90                act_hold_stomach_slide
                0x800fbfe8                act_dive_slide
                0x800fc0f0                common_ground_knockback_action
                0x800fc2d4                act_hard_backward_ground_kb
                0x800fc390                act_hard_forward_ground_kb
                0x800fc3f4                act_backward_ground_kb
                0x800fc428                act_forward_ground_kb
                0x800fc45c                act_soft_backward_ground_kb
                0x800fc490                act_soft_forward_ground_kb
                0x800fc4c4                act_ground_bonk
                0x800fc514                act_death_exit_land
                0x800fc5c0                common_landing_action
                0x800fc724                common_landing_cancels
                0x800fc848                act_jump_land
                0x800fc89c                act_freefall_land
                0x800fc8f0                act_side_flip_land
                0x800fc964                act_hold_jump_land
                0x800fc9e4                act_hold_freefall_land
                0x800fca64                act_long_jump_land
                0x800fcb14                act_double_jump_land
                0x800fcb68                act_triple_jump_land
                0x800fcbec                act_backflip_land
                0x800fcc78                quicksand_jump_land_action
                0x800fcd88                act_quicksand_jump_land
                0x800fcdc0                act_hold_quicksand_jump_land
                0x800fcdf8                check_common_moving_cancels
                0x800fcee0                mario_execute_moving_action
 build/us/src/game/mario_actions_airborne.o(.text)
 .text          0x800fd3b0     0x4d80 build/us/src/game/mario_actions_airborne.o
                0x800fd3b0                play_flip_sounds
                0x800fd414                play_far_fall_sound
                0x800fd4b8                play_knockback_sound
                0x800fd538                lava_boost_on_wall
                0x800fd5ec                check_fall_damage
                0x800fd768                check_kick_or_dive_in_air
                0x800fd7d4                should_get_stuck_in_ground
                0x800fd884                check_fall_damage_or_get_stuck
                0x800fd900                check_horizontal_wind
                0x800fda6c                update_air_with_turn
                0x800fdc20                update_air_without_turn
                0x800fde28                update_lava_boost_or_twirling
                0x800fdf58                update_flying_yaw
                0x800fe088                update_flying_pitch
                0x800fe184                update_flying
                0x800fe3a8                common_air_action_step
                0x800fe5b8                act_jump
                0x800fe63c                act_double_jump
                0x800fe6f0                act_triple_jump
                0x800fe7b4                act_backflip
                0x800fe838                act_freefall
                0x800fe8ec                act_hold_jump
                0x800fe9b4                act_hold_freefall
                0x800fea74                act_side_flip
                0x800feb44                act_wall_kick_air
                0x800febc4                act_long_jump
                0x800fec70                act_riding_shell_air
                0x800fed3c                act_twirling
                0x800fee88                act_dive
                0x800ff0d0                act_air_throw
                0x800ff1ac                act_water_jump
                0x800ff2d4                act_hold_water_jump
                0x800ff3e8                act_steep_jump
                0x800ff51c                act_ground_pound
                0x800ff780                act_burning_jump
                0x800ff884                act_burning_fall
                0x800ff934                act_crazy_box_bounce
                0x800ffb20                common_air_knockback_step
                0x800ffc60                check_wall_kick
                0x800ffccc                act_backward_air_kb
                0x800ffd30                act_forward_air_kb
                0x800ffd94                act_hard_backward_air_kb
                0x800ffddc                act_hard_forward_air_kb
                0x800ffe24                act_thrown_backward
                0x800ffeb0                act_thrown_forward
                0x800fff80                act_soft_bonk
                0x800fffe0                act_getting_blown
                0x80100184                act_air_hit_wall
                0x801002dc                act_forward_rollout
                0x80100428                act_backward_rollout
                0x8010057c                act_butt_slide_air
                0x80100714                act_hold_butt_slide_air
                0x801008e4                act_lava_boost
                0x80100b3c                act_slide_kick
                0x80100d2c                act_jump_kick
                0x80100e2c                act_shot_from_cannon
                0x80101040                act_flying
                0x80101470                act_riding_hoot
                0x801015c8                act_flying_triple_jump
                0x80101844                act_top_of_pole_jump
                0x80101880                act_vertical_wind
                0x80101a04                act_special_triple_jump
                0x80101b7c                check_common_airborne_cancels
                0x80101c3c                mario_execute_airborne_action
 build/us/src/game/mario_actions_submerged.o(.text)
 .text          0x80102130     0x3d50 build/us/src/game/mario_actions_submerged.o
                0x80105a60                mario_execute_submerged_action
 build/us/src/game/mario_actions_object.o(.text)
 .text          0x80105e80      0xf20 build/us/src/game/mario_actions_object.o
                0x80105e80                animated_stationary_ground_step
                0x80105ed0                mario_update_punch_sequence
                0x80106228                act_punching
                0x80106318                act_picking_up
                0x80106468                act_dive_picking_up
                0x801064f4                act_placing_down
                0x80106588                act_throwing
                0x80106688                act_heavy_throw
                0x80106754                act_stomach_slide_stop
                0x801067e0                act_picking_up_bowser
                0x8010686c                act_holding_bowser
                0x80106b00                act_releasing_bowser
                0x80106b70                check_common_object_cancels
                0x80106c10                mario_execute_object_action
 build/us/src/game/level_geo.o(.text)
 .text          0x80106da0      0x220 build/us/src/game/level_geo.o
                0x80106da0                geo_envfx_main
                0x80106f20                geo_skybox_main
 build/us/src/game/mario_misc.o(.text)
 .text          0x80106fc0     0x1300 build/us/src/game/mario_misc.o
                0x80106fc0                geo_draw_mario_head_goddard
                0x80107280                bhv_toad_message_loop
                0x80107328                bhv_toad_message_init
                0x80107514                bhv_unlock_door_star_init
                0x80107600                bhv_unlock_door_star_loop
                0x801078f4                geo_mirror_mario_set_alpha
                0x80107974                geo_switch_mario_stand_run
                0x801079b4                geo_switch_mario_eyes
                0x80107a40                geo_mario_tilt_torso
                0x80107af4                geo_mario_head_rotation
                0x80107bd0                geo_switch_mario_hand
                0x80107c70                geo_mario_hand_foot_scaler
                0x80107d2c                geo_switch_mario_cap_effect
                0x80107d68                geo_switch_mario_cap_on_off
                0x80107df8                geo_mario_rotate_wing_cap_wings
                0x80107ef8                geo_switch_mario_hand_grab_pos
                0x80108028                geo_render_mirror_mario
                0x801081ec                geo_mirror_mario_backface_culling
 build/us/src/game/memory.o(.text)
 .text          0x801082c0      0xcc0 build/us/src/game/memory.o
                0x801082c0                set_segment_base_addr
                0x801082e0                get_segment_base_addr
                0x80108300                segmented_to_virtual
                0x80108334                virtual_to_segmented
                0x80108360                move_segment_table_to_dmem
                0x80108448                main_pool_init
                0x801084c0                main_pool_alloc
                0x8010855c                main_pool_free
                0x8010862c                main_pool_realloc
                0x8010867c                main_pool_available
                0x8010868c                main_pool_push_state
                0x80108724                main_pool_pop_state
                0x801088a4                load_segment
                0x801088f4                load_to_fixed_pool_addr
                0x801089a4                load_segment_decompress
                0x80108a48                load_segment_decompress_heap
                0x80108acc                load_engine_code_segment
                0x80108b44                alloc_only_pool_init
                0x80108ba0                alloc_only_pool_alloc
                0x80108be4                alloc_only_pool_resize
                0x80108c30                mem_pool_init
                0x80108c90                mem_pool_alloc
                0x80108d20                mem_pool_free
                0x80108e14                alloc_display_list
                0x80108eb4                func_80278A78
                0x80108ef8                load_patchable_table
 build/us/src/game/save_file.o(.text)
 .text          0x80108f80     0x1190 build/us/src/game/save_file.o
                0x801094b8                save_file_do_save
                0x80109530                save_file_erase
                0x80109588                save_file_copy
                0x80109600                save_file_load_all
                0x801097a0                save_file_reload
                0x8010980c                save_file_collect_star_or_key
                0x801099ac                save_file_exists
                0x801099d0                save_file_get_max_coin_score
                0x80109aac                save_file_get_course_star_count
                0x80109b54                save_file_get_total_star_count
                0x80109bcc                save_file_set_flags
                0x80109c0c                save_file_clear_flags
                0x80109c54                save_file_get_flags
                0x80109ca4                save_file_get_star_flags
                0x80109cfc                save_file_set_star_flags
                0x80109d8c                save_file_get_course_coin_score
                0x80109dac                save_file_is_cannon_unlocked
                0x80109de4                save_file_set_cannon_unlocked
                0x80109e38                save_file_set_cap_pos
                0x80109ebc                save_file_get_cap_pos
                0x80109f50                save_file_set_sound_mode
                0x80109f90                save_file_get_sound_mode
                0x80109f9c                save_file_move_cap_to_default_location
                0x8010a038                disable_warp_checkpoint
                0x8010a044                check_if_should_set_warp_checkpoint
                0x8010a098                check_warp_checkpoint
 build/us/src/game/area.o(.text)
 .text          0x8010a110      0xaf0 build/us/src/game/area.o
                0x8010a110                override_viewport_and_clip
                0x8010a16c                set_warp_transition_rgb
                0x8010a1e4                print_intro_text
                0x8010a278                get_mario_spawn_type
                0x8010a330                area_get_warp_node
                0x8010a370                area_get_warp_node_from_params
                0x8010a3a0                load_obj_warp_nodes
                0x8010a410                clear_areas
                0x8010a4ac                clear_area_graph_nodes
                0x8010a52c                load_area
                0x8010a5f4                unload_area
                0x8010a654                load_mario_area
                0x8010a6c0                unload_mario_area
                0x8010a740                change_area
                0x8010a7c4                area_update_objects
                0x8010a7f8                play_transition
                0x8010a938                play_transition_after_delay
                0x8010a998                render_game
 build/us/src/game/rendering_graph_node.o(.text)
 .text          0x8010ac00     0x23d0 build/us/src/game/rendering_graph_node.o
                0x8010bf24                geo_set_animation_globals
                0x8010c828                geo_process_held_object
                0x8010cb14                geo_try_process_children
                0x8010cb40                geo_process_node_and_siblings
                0x8010cd78                geo_process_root
 build/us/src/game/profiler.o(.text)
 .text          0x8010cfd0      0xd60 build/us/src/game/profiler.o
                0x8010cfd0                profiler_log_thread5_time
                0x8010d060                profiler_log_thread4_time
                0x8010d0dc                profiler_log_gfx_time
                0x8010d16c                profiler_log_vblank_time
                0x8010d1e8                draw_profiler_bar
                0x8010d400                draw_reference_profiler_bars
                0x8010d57c                draw_profiler_mode_1
                0x8010d804                draw_profiler_mode_0
                0x8010dcb8                draw_profiler
 build/us/asm/decompress.o(.text)
 .text          0x8010dd30       0xb0 build/us/asm/decompress.o
                0x8010dd30                decompress
 build/us/src/game/camera.o(.text)
 .text          0x8010dde0    0x173f0 build/us/src/game/camera.o
                0x8010dde0                set_camera_shake_from_hit
                0x8010e0c4                set_environmental_camera_shake
                0x8010e1ec                set_camera_shake_from_point
                0x8010e328                unused_set_camera_pitch_shake_env
                0x8010e3ac                calc_y_to_curr_floor
                0x8010e53c                focus_on_mario
                0x8010e5f4                set_camera_height
                0x8010e870                look_down_slopes
                0x8010e984                pan_ahead_of_player
                0x8010eb08                find_in_bounds_yaw_wdw_bob_thi
                0x8010ec30                update_radial_camera
                0x8010ed54                update_8_directions_camera
                0x8010ee94                radial_camera_move
                0x8010f3c8                lakitu_zoom
                0x8010f58c                radial_camera_input_default
                0x8010f5ac                update_yaw_and_dist_from_c_up
                0x8010f60c                mode_radial_camera
                0x8010f6fc                mode_8_directions_camera
                0x8010f7e8                update_outward_radial_camera
                0x8010f904                mode_outward_radial_camera
                0x8010f9e8                update_parallel_tracking_camera
                0x80110114                update_fixed_camera
                0x80110438                update_boss_fight_camera
                0x801108a0                unused_update_mode_5_camera
                0x801108b8                mode_boss_fight_camera
                0x801108e8                mode_parallel_tracking_camera
                0x80110940                mode_fixed_camera
                0x801109d8                update_behind_mario_camera
                0x80110f30                mode_behind_mario
                0x801110dc                update_slide_camera
                0x801114b4                mode_behind_mario_camera
                0x801114dc                nop_update_water_camera
                0x801114ec                mode_water_surface_camera
                0x80111514                update_mario_camera
                0x8011159c                update_default_camera
                0x80112444                mode_default_camera
                0x8011247c                mode_lakitu_camera
                0x801124a8                mode_mario_camera
                0x801124d4                update_spiral_stairs_camera
                0x80112758                mode_spiral_stairs_camera
                0x80112788                update_slide_or_0f_camera
                0x80112818                mode_slide_camera
                0x80112894                store_lakitu_cam_info_for_c_up
                0x80112914                set_mode_c_up
                0x8011296c                exit_c_up
                0x80112da8                update_c_up
                0x80112e34                move_mario_head_c_up
                0x80112f4c                move_into_c_up
                0x80113174                mode_c_up_camera
                0x801132ec                update_in_cannon
                0x8011335c                mode_cannon_camera
                0x80113420                transition_next_state
                0x8011345c                transition_to_camera_mode
                0x80113540                set_camera_mode
                0x801137a0                update_lakitu
                0x80113b90                update_camera
                0x8011410c                reset_camera
                0x80114344                init_camera
                0x8011497c                zoom_out_if_paused_and_outside
                0x80114b0c                select_mario_cam_mode
                0x80114b1c                create_camera
                0x80114bac                update_graph_node_camera
                0x80114c04                geo_camera_main
                0x80114c58                stub_camera_2
                0x80114c60                stub_camera_3
                0x80114c68                vec3f_sub
                0x80114c9c                object_pos_to_vec3f
                0x80114cb8                vec3f_to_object_pos
                0x80114cd4                unused_object_angle_to_vec3s
                0x80114cf0                evaluate_cubic_spline
                0x80115018                move_point_along_spline
                0x801152b4                cam_select_alt_mode
                0x80115374                set_cam_angle
                0x80115460                set_handheld_shake
                0x80115568                shake_camera_handheld
                0x8011587c                find_c_buttons_pressed
                0x80115928                update_camera_hud_status
                0x801159d8                collide_with_walls
                0x80115b48                vec3f_compare
                0x80115ba4                clamp_pitch
                0x80115c48                is_within_100_units_of_mario
                0x80115cb4                set_or_approach_f32_asymptotic
                0x80115d24                approach_f32_asymptotic_bool
                0x80115d84                approach_f32_asymptotic
                0x80115d9c                approach_s16_asymptotic_bool
                0x80115e48                approach_s16_asymptotic
                0x80115f00                approach_vec3f_asymptotic
                0x80115f64                set_or_approach_vec3f_asymptotic
                0x80115fc8                approach_vec3s_asymptotic
                0x80116030                camera_approach_s16_symmetric_bool
                0x801160d8                camera_approach_s16_symmetric
                0x80116184                set_or_approach_s16_symmetric
                0x801161f8                camera_approach_f32_symmetric_bool
                0x801162b0                camera_approach_f32_symmetric
                0x8011634c                random_vec3s
                0x80116414                reduce_by_dist_from_camera
                0x801165e4                clamp_positions_and_find_yaw
                0x80116684                calc_avoid_yaw
                0x801166d0                is_surf_within_bounding_box
                0x8011698c                is_behind_surface
                0x80116ac0                is_range_behind_surface
                0x80116bc4                is_mario_behind_surface
                0x80116bf0                scale_along_line
                0x80116c60                is_pos_in_bounds
                0x80116d68                calculate_pitch
                0x80116dc4                calculate_yaw
                0x80116df8                calculate_angles
                0x80116e80                calc_abs_dist
                0x80116ed4                calc_hor_dist
                0x80116f18                rotate_in_xz
                0x80116fb8                rotate_in_yz
                0x8011705c                set_camera_pitch_shake
                0x801170a8                set_camera_yaw_shake
                0x80117144                set_camera_roll_shake
                0x80117190                set_pitch_shake_from_point
                0x80117228                set_yaw_shake_from_point
                0x801172c0                increment_shake_offset
                0x80117304                shake_camera_pitch
                0x801173f0                shake_camera_yaw
                0x801174d4                shake_camera_roll
                0x8011758c                offset_yaw_outward_radial
                0x80117768                cutscene_intro_peach_play_message_music
                0x80117770                cutscene_intro_peach_play_lakitu_flying_music
                0x80117778                play_camera_buzz_if_cdown
                0x801177b0                play_camera_buzz_if_cbutton
                0x801177e8                play_camera_buzz_if_c_sideways
                0x80117828                play_sound_cbutton_up
                0x80117854                play_sound_cbutton_down
                0x80117880                play_sound_cbutton_side
                0x801178ac                play_sound_button_change_blocked
                0x801178d8                play_sound_rbutton_changed
                0x80117904                play_sound_if_cam_switched_to_lakitu_or_mario
                0x80117964                radial_camera_input
                0x80117c1c                trigger_cutscene_dialog
                0x80117c50                handle_c_button_movement
                0x80117e58                clear_cutscene_vars
                0x80117f24                start_cutscene
                0x80117f58                determine_dance_cutscene
                0x80117fdc                open_door_cutscene
                0x80118030                get_cutscene_from_mario_status
                0x801183c0                warp_camera
                0x801184cc                approach_camera_height
                0x80118550                stub_camera_4
                0x80118564                set_focus_rel_mario
                0x80118668                offset_rotated
                0x801187b4                offset_rotated_coords
                0x80118804                determine_pushing_or_pulling_door
                0x80118834                next_lakitu_state
                0x80118d30                set_camera_mode_fixed
                0x80118e64                set_camera_mode_8_directions
                0x80118ea4                set_camera_mode_boss_fight
                0x80118eec                set_camera_mode_close_cam
                0x80118f1c                set_camera_mode_radial
                0x80118fe8                parallel_tracking_init
                0x80119094                set_fixed_cam_axis_sa_lobby
                0x80119110                check_blocking_area_processing
                0x801191c8                cam_rr_exit_building_side
                0x801191f0                cam_rr_exit_building_top
                0x80119260                cam_rr_enter_building_window
                0x80119294                cam_rr_enter_building
                0x801192f0                cam_rr_enter_building_side
                0x80119324                cam_cotmc_exit_waterfall
                0x80119340                cam_sl_snowman_head_8dir
                0x80119380                cam_sl_free_roam
                0x801193a4                move_camera_through_floor_while_descending
                0x8011940c                cam_hmc_enter_maze
                0x801194bc                cam_hmc_elevator_black_hole
                0x801194dc                cam_hmc_elevator_maze_emergency_exit
                0x80119500                cam_hmc_elevator_lake
                0x80119524                cam_hmc_elevator_maze
                0x80119548                cam_ssl_enter_pyramid_top
                0x8011956c                cam_ssl_pyramid_center
                0x801195a4                cam_ssl_boss_room
                0x801195dc                cam_thi_move_cam_through_tunnel
                0x80119608                cam_thi_look_through_tunnel
                0x80119634                cam_bob_tower
                0x8011966c                cam_bob_default_free_roam
                0x80119690                cam_castle_hmc_start_pool_cutscene
                0x801196d0                cam_castle_lobby_entrance
                0x8011973c                cam_castle_look_upstairs
                0x801197c4                cam_castle_basement_look_downstairs
                0x80119834                cam_castle_enter_lobby
                0x8011988c                cam_castle_enter_spiral_stairs
                0x801198b8                cam_castle_close_mode
                0x801198d8                cam_castle_leave_lobby_sliding_door
                0x80119904                cam_castle_enter_lobby_sliding_door
                0x80119924                cam_bbh_room_6
                0x80119948                cam_bbh_fall_off_roof
                0x80119968                cam_bbh_fall_into_pool
                0x801199f8                cam_bbh_room_1
                0x80119a20                cam_bbh_leave_front_door
                0x80119a44                cam_bbh_room_2_lower
                0x80119a6c                cam_bbh_room_4
                0x80119a94                cam_bbh_room_8
                0x80119abc                cam_bbh_room_5_library
                0x80119ae4                cam_bbh_room_5_library_to_hidden_transition
                0x80119b24                cam_bbh_room_5_hidden_to_library_transition
                0x80119b64                cam_bbh_room_5_hidden
                0x80119b94                cam_bbh_room_3
                0x80119bbc                cam_bbh_room_7_mr_i
                0x80119be4                cam_bbh_room_7_mr_i_to_coffins_transition
                0x80119c24                cam_bbh_room_7_coffins_to_mr_i_transition
                0x80119c64                cam_bbh_elevator_room_lower
                0x80119c88                cam_bbh_room_0_back_entrance
                0x80119ca8                cam_bbh_elevator
                0x80119cf0                cam_bbh_room_12_upper
                0x80119d20                cam_bbh_enter_front_door
                0x80119d40                cam_bbh_room_2_library
                0x80119d68                cam_bbh_room_2_library_to_trapdoor_transition
                0x80119da8                cam_bbh_room_2_trapdoor
                0x80119dd0                cam_bbh_room_2_trapdoor_transition
                0x80119e10                cam_bbh_room_9_attic
                0x80119e38                cam_bbh_room_9_attic_transition
                0x80119e78                cam_bbh_room_9_mr_i_transition
                0x80119eb8                cam_bbh_room_13_balcony
                0x80119ee0                cam_bbh_room_0
                0x80119f10                cam_ccm_enter_slide_shortcut
                0x80119f2c                cam_ccm_leave_slide_shortcut
                0x80119f48                surface_type_modes
                0x80119fc8                set_mode_if_not_set_by_surface
                0x8011a020                surface_type_modes_thi
                0x8011a0f4                camera_course_processing
                0x8011a6a4                resolve_geometry_collisions
                0x8011a87c                rotate_camera_around_walls
                0x8011abc4                find_mario_floor_and_ceil
                0x8011ad20                start_object_cutscene
                0x8011ad48                start_object_cutscene_without_focus
                0x8011ad64                unused_dialog_cutscene_response
                0x8011adcc                cutscene_object_with_dialog
                0x8011ae7c                cutscene_object_without_dialog
                0x8011aea8                cutscene_object
                0x8011af18                update_camera_yaw
                0x8011af54                cutscene_reset_spline
                0x8011af6c                stop_cutscene_and_retrieve_stored_info
                0x8011afc0                cap_switch_save
                0x8011afec                init_spline_point
                0x8011b028                copy_spline_segment
                0x8011b15c                cutscene_common_set_dialog_state
                0x8011b1d0                cutscene_intro_peach_start_letter_music
                0x8011b204                cutscene_intro_peach_start_flying_music
                0x8011b234                reset_pan_distance
                0x8011b248                player2_rotate_cam
                0x8011b444                store_info_cannon
                0x8011b4a4                retrieve_info_cannon
                0x8011b500                store_info_star
                0x8011b55c                retrieve_info_star
                0x8011b5ac                pan_camera
                0x8011b63c                cutscene_shake_explosion
                0x8011b670                rotate_and_move_vec3f
                0x8011b708                set_flag_post_door
                0x8011b748                cutscene_soften_music
                0x8011b774                cutscene_unsoften_music
                0x8011b7a4                cutscene_unused_start
                0x8011b7ac                cutscene_unused_loop
                0x8011b7b4                cutscene_ending_mario_fall_start
                0x8011b800                cutscene_ending_mario_fall_focus_mario
                0x8011b8a0                cutscene_ending_mario_fall
                0x8011b908                cutscene_ending_mario_land_closeup
                0x8011b970                cutscene_ending_reset_spline
                0x8011b99c                cutscene_ending_fly_up_to_window
                0x8011b9fc                cutscene_ending_stars_free_peach
                0x8011ba64                cutscene_ending_mario_land
                0x8011bb40                cutscene_ending_peach_appear_closeup
                0x8011bbc4                cutscene_ending_peach_appears
                0x8011bc7c                cutscene_ending_peach_descends_start
                0x8011bca8                cutscene_ending_follow_peach_descent
                0x8011bd0c                cutscene_ending_peach_descent_lower_focus
                0x8011bd3c                cutscene_ending_peach_descent_back_to_mario
                0x8011bdb8                cutscene_ending_peach_descends
                0x8011be88                cutscene_ending_mario_to_peach
                0x8011bf20                cutscene_ending_look_up_at_castle
                0x8011bf5c                cutscene_ending_peach_wakeup
                0x8011c018                cutscene_ending_dialog
                0x8011c08c                cutscene_ending_kiss_closeup
                0x8011c0e8                cutscene_ending_kiss_here_we_go
                0x8011c19c                cutscene_ending_kiss
                0x8011c204                cutscene_ending_look_at_sky
                0x8011c260                cutscene_ending_zoom_fov
                0x8011c278                cutscene_ending_cake_for_mario
                0x8011c324                cutscene_ending_stop
                0x8011c35c                cutscene_grand_star_start
                0x8011c3c0                cutscene_grand_star_front_of_mario
                0x8011c494                cutscene_grand_star_mario_jump
                0x8011c4f0                cutscene_grand_star_accel_cvar2
                0x8011c52c                cutscene_grand_star_approach_mario
                0x8011c5a8                cutscene_grand_star_move_cvar2
                0x8011c5e0                cutscene_grand_star_focus_mario
                0x8011c66c                cutscene_grand_star
                0x8011c74c                cutscene_grand_star_fly_start
                0x8011c814                cutscene_grand_star_fly_move_to_mario
                0x8011c890                cutscene_grand_star_fly_mario_offscreen
                0x8011c99c                cutscene_grand_star_fly_app_cvars
                0x8011caa8                cutscene_grand_star_fly
                0x8011cb38                focus_in_front_of_mario
                0x8011cbb4                cutscene_dance_move_to_mario
                0x8011cc44                cutscene_dance_rotate
                0x8011cc84                cutscene_dance_rotate_move_back
                0x8011ccc0                cutscene_dance_rotate_move_towards_mario
                0x8011cd04                cutscene_dance_default_focus_mario
                0x8011cd2c                cutscene_dance_rotate_focus_mario
                0x8011cd54                cutscene_dance_shake_fov
                0x8011cd80                cutscene_dance_default_rotate
                0x8011ced8                star_dance_bound_yaw
                0x8011cf7c                cutscene_dance_closeup_start
                0x8011d044                cutscene_dance_closeup_focus_mario
                0x8011d0c8                cutscene_dance_closeup_fly_above
                0x8011d1b4                cutscene_dance_closeup_fly_closer
                0x8011d258                cutscene_dance_closeup_zoom
                0x8011d27c                cutscene_dance_closeup_shake_fov
                0x8011d2a8                cutscene_dance_closeup
                0x8011d424                cutscene_dance_fly_away_start
                0x8011d568                cutscene_dance_fly_away_approach_mario
                0x8011d60c                cutscene_dance_fly_away_focus_mario
                0x8011d690                cutscene_pan_cvar9
                0x8011d6ec                cutscene_dance_fly_rotate_around_mario
                0x8011d734                cutscene_dance_fly_away_rotate_while_flying
                0x8011d774                cutscene_dance_fly_away_shake_fov
                0x8011d7a0                cutscene_dance_fly_away
                0x8011d878                cutscene_key_dance_jump_cvar
                0x8011d8d8                cutscene_key_dance_jump_closeup
                0x8011d924                cutscene_key_dance_jump_lower_left
                0x8011d974                cutscene_key_dance_jump_above
                0x8011d9d4                cutscene_key_dance_jump_last
                0x8011da2c                cutscene_key_dance_shake_fov
                0x8011da58                cutscene_key_dance_handheld_shake
                0x8011da7c                cutscene_key_dance_focus_mario
                0x8011daa4                cutscene_key_dance
                0x8011dba0                cutscene_bowser_area_shake_fov
                0x8011dbc4                cutscene_bowser_area_start_bowser_walking
                0x8011dbdc                cutscene_bowser_arena_set_pos
                0x8011dc44                cutscene_bowser_arena_focus_sine
                0x8011dcb4                cutscene_bowser_arena_set_focus
                0x8011dcf0                cutscene_bowser_arena_adjust_offsets
                0x8011dd54                cutscene_bowser_arena_pan_left
                0x8011dd88                cutscene_bowser_arena_mario_dialog
                0x8011ddac                cutscene_stop_dialog
                0x8011ddd0                cutscene_bowser_arena_start
                0x8011de64                bowser_fight_intro_dialog
                0x8011debc                cutscene_bowser_arena_dialog
                0x8011df08                cutscene_bowser_arena_end
                0x8011df74                cutscene_bowser_arena
                0x8011e0e4                cutscene_star_spawn_store_info
                0x8011e104                cutscene_star_spawn_focus_star
                0x8011e170                cutscene_star_spawn_update_boss_fight
                0x8011e1e0                cutscene_star_spawn_fly_back
                0x8011e20c                cutscene_star_spawn
                0x8011e288                cutscene_star_spawn_back
                0x8011e314                cutscene_star_spawn_end
                0x8011e33c                cutscene_exit_waterfall_warp
                0x8011e374                cutscene_exit_to_castle_grounds_focus_mario
                0x8011e40c                cutscene_exit_waterfall
                0x8011e460                cutscene_exit_to_castle_grounds_end
                0x8011e4a0                cutscene_exit_fall_to_castle_grounds_warp
                0x8011e4d8                cutscene_exit_fall_to_castle_grounds
                0x8011e52c                cutscene_red_coin_star_start
                0x8011e570                cutscene_red_coin_star_focus_xz
                0x8011e5c8                cutscene_red_coin_star_focus_y
                0x8011e5fc                cutscene_red_coin_star_look_up_at_star
                0x8011e62c                cutscene_red_coin_star_warp
                0x8011e76c                cutscene_red_coin_star_set_fov
                0x8011e784                cutscene_red_coin_star
                0x8011e868                cutscene_red_coin_star_end
                0x8011e8a8                cutscene_goto_cvar_pos
                0x8011eb44                cutscene_prepare_cannon_start
                0x8011ebb4                cutscene_prepare_cannon_fly_to_cannon
                0x8011ec04                cannon_approach_prev
                0x8011ec60                cutscene_prepare_cannon_fly_back
                0x8011ed6c                cutscene_prepare_cannon
                0x8011ede4                cutscene_prepare_cannon_end
                0x8011ee20                water_death_move_to_mario_side
                0x8011eeb0                death_goto_mario
                0x8011eedc                cutscene_death_standing_start
                0x8011ef38                cutscene_death_standing_goto_mario
                0x8011ef60                cutscene_death_standing
                0x8011efbc                cutscene_death_stomach_start
                0x8011f02c                cutscene_death_stomach_goto_mario
                0x8011f064                cutscene_death_stomach
                0x8011f0cc                cutscene_bbh_death_start
                0x8011f13c                cutscene_bbh_death_goto_mario
                0x8011f16c                cutscene_bbh_death
                0x8011f1d4                cutscene_quicksand_death_start
                0x8011f200                cutscene_quicksand_death_goto_mario
                0x8011f24c                cutscene_quicksand_death
                0x8011f2e8                cutscene_suffocation_fly_away
                0x8011f364                cutscene_suffocation_stay_above_gas
                0x8011f3e8                cutscene_suffocation_rotate
                0x8011f464                cutscene_suffocation
                0x8011f4fc                cutscene_enter_pool_start
                0x8011f5a8                cutscene_enter_pool_loop
                0x8011f5d4                cutscene_enter_pool
                0x8011f630                cutscene_pyramid_top_explode_start
                0x8011f688                cutscene_pyramid_top_explode_zoom_in
                0x8011f6ac                cutscene_pyramid_top_explode_focus
                0x8011f6fc                cutscene_pyramid_top_explode_warp
                0x8011f7d4                cutscene_pyramid_top_explode_closeup
                0x8011f890                cutscene_pyramid_top_explode_cam_shake
                0x8011f8b4                cutscene_pyramid_top_explode_warp_back
                0x8011f8fc                cutscene_pyramid_top_explode
                0x8011f9c8                cutscene_pyramid_top_explode_end
                0x8011f9fc                cutscene_enter_pyramid_top_start
                0x8011fa48                cutscene_enter_pyramid_top
                0x8011fae4                cutscene_dialog_start
                0x8011fc14                cutscene_dialog_move_mario_shoulder
                0x8011fde4                cutscene_dialog_create_dialog_box
                0x8011fe34                cutscene_dialog
                0x8011ff40                cutscene_dialog_set_flag
                0x8011ff5c                cutscene_dialog_end
                0x8011ff94                cutscene_read_message_start
                0x8012000c                cutscene_read_message
                0x80120148                cutscene_read_message_set_flag
                0x80120164                cutscene_read_message_end
                0x80120180                cutscene_exit_succ_start
                0x80120208                cutscene_non_painting_set_cam_pos
                0x80120344                cutscene_non_painting_set_cam_focus
                0x8012044c                cutscene_exit_bowser_succ_focus_left
                0x80120480                cutscene_exit_bowser_key_toss_shake
                0x801204b4                cutscene_exit_succ_shake_landing
                0x801204d8                cutscene_exit_bowser_succ
                0x8012058c                cutscene_non_painting_end
                0x801205fc                cutscene_exit_non_painting_succ_override_cvar
                0x80120634                cutscene_exit_non_painting_succ
                0x801206f0                cutscene_non_painting_death_start
                0x80120774                cutscene_exit_bowser_death
                0x801207d8                cutscene_non_painting_death_override_offset
                0x80120874                cutscene_non_painting_death
                0x80120900                cutscene_cap_switch_press_start
                0x80120964                cutscene_cap_switch_press_rotate_around_mario
                0x80120a18                cutscene_cap_switch_press_lower_cam
                0x80120a54                cutscene_cap_switch_press_approach_mario
                0x80120b58                cutscene_cap_switch_press_pan_left
                0x80120bcc                cutscene_cap_switch_press_create_dialog
                0x80120c0c                cutscene_cap_switch_press
                0x80120d74                cutscene_unlock_key_door_start
                0x80120e20                cutscene_unlock_key_door_approach_mario
                0x80120e88                cutscene_unlock_key_door_focus_lock
                0x80120ed8                cutscene_unlock_key_door_stub
                0x80120ee0                cutscene_unlock_key_door_fly_back
                0x80120f48                cutscene_unlock_key_door_fov_shake
                0x80120f6c                cutscene_unlock_key_door
                0x80121020                intro_peach_move_camera_start_to_pipe
                0x801210e4                peach_letter_text
                0x80121108                play_sound_peach_reading_letter
                0x80121138                cutscene_intro_peach_start_to_pipe_spline
                0x8012118c                cutscene_intro_peach_dialog
                0x80121204                cutscene_intro_peach_follow_pipe_spline
                0x80121264                cutscene_intro_peach_clear_cutscene_status
                0x80121278                cutscene_intro_peach_zoom_fov
                0x801212ac                cutscene_intro_peach_reset_spline
                0x801212e8                cutscene_intro_peach_handheld_shake_off
                0x8012130c                intro_pipe_exit_text
                0x80121330                play_sound_intro_turn_on_hud
                0x80121350                cutscene_intro_peach_fly_to_pipe
                0x80121400                cutscene_intro_peach_mario_appears
                0x80121510                cutscene_intro_peach_reset_fov
                0x80121534                cutscene_intro_peach_letter
                0x80121620                cutscene_end_waving_start
                0x80121640                cutscene_end_waving
                0x801216c8                cutscene_credits_reset_spline
                0x801216e8                cutscene_credits
                0x80121a34                cutscene_sliding_doors_open_start
                0x80121adc                cutscene_sliding_doors_open_set_cvars
                0x80121b44                cutscene_sliding_doors_go_under_doorway
                0x80121b74                cutscene_sliding_doors_fly_back_up
                0x80121ba4                cutscene_sliding_doors_follow_mario
                0x80121ca8                cutscene_sliding_doors_open
                0x80121d48                cutscene_double_doors_end
                0x80121d80                cutscene_enter_painting_stub
                0x80121d88                cutscene_enter_painting
                0x80121fec                cutscene_exit_painting_start
                0x8012213c                cutscene_exit_painting_move_to_mario
                0x801221c0                cutscene_exit_painting_move_to_floor
                0x801222b0                cutscene_exit_painting
                0x80122350                cutscene_unused_exit_start
                0x801223e0                cutscene_unused_exit_focus_mario
                0x80122478                cutscene_exit_painting_end
                0x801224cc                cutscene_enter_cannon_end
                0x8012250c                cutscene_enter_cannon_raise
                0x801226cc                cutscene_enter_cannon_start
                0x80122790                cutscene_door_start
                0x801227d4                cutscene_door_fix_cam
                0x80122814                cutscene_door_loop
                0x80122854                cutscene_door_move_behind_mario
                0x80122920                cutscene_door_follow_mario
                0x801229b0                cutscene_door_end
                0x80122a28                cutscene_door_mode
                0x80122ad4                play_cutscene
                0x80123508                cutscene_event
                0x80123574                cutscene_spawn_obj
                0x8012359c                set_fov_shake
                0x801235f4                set_fov_shake_from_point
                0x80123680                shake_camera_fov
                0x80123744                set_fov_30
                0x8012375c                approach_fov_20
                0x80123790                set_fov_45
                0x801237a8                set_fov_29
                0x801237c0                zoom_fov_30
                0x80123814                fov_default
                0x80123918                approach_fov_30
                0x80123948                approach_fov_60
                0x80123978                approach_fov_45
                0x801239bc                approach_fov_80
                0x801239ec                set_fov_bbh
                0x80123a68                geo_camera_fov
                0x80123ba8                set_fov_function
                0x80123bb8                cutscene_set_fov_shake_preset
                0x80123c18                set_fov_shake_from_point_preset
                0x80123d30                obj_rotate_towards_point
                0x80123dd0                intro_peach_set_pos_and_opacity
                0x80123eb8                bhv_intro_peach_loop
                0x80124054                intro_lakitu_set_offset_from_camera
                0x80124118                intro_lakitu_set_focus
                0x80124180                intro_lakitu_set_pos_and_focus
                0x80124228                bhv_intro_lakitu_loop
                0x80124984                bhv_end_birds_1_loop
                0x80124adc                bhv_end_birds_2_loop
                0x80124c34                spawn_child_obj_relative
                0x80124d64                bhv_intro_scene_loop
 build/us/src/game/debug_course.o(.text)
 .text          0x801251d0       0x10 build/us/src/game/debug_course.o
                0x801251d0                nop_change_course
 build/us/src/game/object_list_processor.o(.text)
 .text          0x801251e0      0xb00 build/us/src/game/object_list_processor.o
                0x801251e0                copy_mario_state_to_object
                0x801252d4                spawn_particle
                0x80125338                bhv_mario_update
                0x801253c4                update_objects_starting_at
                0x80125438                update_objects_during_time_stop
                0x80125558                update_objects_in_list
                0x801255a4                unload_deactivated_objects_in_list
                0x80125648                set_object_respawn_info_bits
                0x801256a8                unload_objects_from_area
                0x80125750                spawn_objects_from_info
                0x801258f4                stub_obj_list_processor_1
                0x801258fc                clear_objects
                0x801259e0                update_terrain_objects
                0x80125a24                update_non_terrain_objects
                0x80125ac4                unload_deactivated_objects
                0x80125b6c                update_objects
 build/us/src/game/object_helpers.o(.text)
 .text          0x80125ce0     0x5e50 build/us/src/game/object_helpers.o
                0x80125cf4                geo_update_projectile_pos_from_parent
                0x80125d68                geo_update_layer_transparency
                0x80125f00                geo_switch_anim_state
                0x80125f4c                geo_switch_area
                0x80125ff4                obj_update_pos_from_parent_transformation
                0x80126090                obj_apply_scale_to_matrix
                0x8012615c                create_transformation_from_matrices
                0x80126450                obj_set_held_state
                0x801264dc                lateral_dist_between_objects
                0x80126520                dist_between_objects
                0x80126574                cur_obj_forward_vel_approach_upward
                0x801265a8                approach_f32_signed
                0x80126610                approach_f32_symmetric
                0x80126678                approach_s16_symmetric
                0x8012670c                cur_obj_rotate_yaw_toward
                0x80126794                obj_angle_to_object
                0x801267c8                obj_turn_toward_object
                0x801268e0                obj_set_parent_relative_pos
                0x8012692c                obj_set_pos
                0x80126978                obj_set_angle
                0x801269b8                spawn_object_abs_with_rot
                0x80126a10                spawn_object_rel_with_rot
                0x80126a80                spawn_obj_with_transform_flags
                0x80126aac                spawn_water_droplet
                0x80126c68                spawn_object_at_origin
                0x80126d00                spawn_object
                0x80126d44                try_to_spawn_object
                0x80126db8                spawn_object_with_scale
                0x80126e48                spawn_object_relative
                0x80126ed0                spawn_object_relative_with_scale
                0x80126f48                cur_obj_move_using_vel
                0x80126f90                obj_copy_graph_y_offset
                0x80126f9c                obj_copy_pos_and_angle
                0x80126fcc                obj_copy_pos
                0x80126fe8                obj_copy_angle
                0x8012701c                obj_set_gfx_pos_from_pos
                0x80127038                obj_init_animation
                0x80127068                linear_mtxf_mul_vec3f
                0x801270c0                linear_mtxf_transpose_mul_vec3f
                0x80127118                obj_apply_scale_to_transform
                0x80127194                obj_copy_scale
                0x801271b0                obj_scale_xyz
                0x801271d0                obj_scale
                0x801271e8                cur_obj_scale
                0x8012720c                cur_obj_init_animation
                0x80127240                cur_obj_init_animation_with_sound
                0x80127288                cur_obj_init_animation_with_accel_and_sound
                0x801272ec                obj_init_animation_with_sound
                0x8012732c                cur_obj_enable_rendering_and_become_tangible
                0x80127340                cur_obj_enable_rendering
                0x80127358                cur_obj_disable_rendering_and_become_intangible
                0x80127370                cur_obj_disable_rendering
                0x80127388                cur_obj_unhide
                0x801273a0                cur_obj_hide
                0x801273b8                cur_obj_set_pos_relative
                0x8012744c                cur_obj_set_pos_relative_to_parent
                0x80127484                cur_obj_enable_rendering_2
                0x801274a4                cur_obj_unused_init_on_floor
                0x80127540                obj_set_face_angle_to_move_angle
                0x8012755c                get_object_list_from_behavior
                0x80127584                cur_obj_nearest_object_with_behavior
                0x801275a4                cur_obj_dist_to_nearest_object_with_behavior
                0x801275d8                cur_obj_find_nearest_object_with_behavior
                0x801276cc                cur_nearest_object
                0x80127824                find_unimportant_object
                0x80127848                count_unimportant_objects
                0x8012787c                count_objects_with_behavior
                0x801278f4                cur_obj_find_nearby_held_actor
                0x801279d0                cur_obj_change_action
                0x80127a04                cur_obj_set_vel_from_mario_vel
                0x80127a48                cur_obj_reverse_animation
                0x80127a68                cur_obj_extend_animation_if_at_end
                0x80127a9c                cur_obj_check_if_near_animation_end
                0x80127ae8                cur_obj_check_if_at_animation_end
                0x80127b1c                cur_obj_check_anim_frame
                0x80127b44                cur_obj_check_anim_frame_in_range
                0x80127b7c                cur_obj_check_frame_prior_current_frame
                0x80127bc0                mario_is_in_air_action
                0x80127be8                mario_is_dive_sliding
                0x80127c10                cur_obj_set_y_vel_and_animation
                0x80127c3c                cur_obj_unrender_and_reset_state
                0x80127da8                cur_obj_get_thrown_or_placed
                0x80127e7c                cur_obj_get_dropped
                0x80127ebc                cur_obj_set_model
                0x80127ee0                mario_set_flag
                0x80127ef8                cur_obj_clear_interact_status_flag
                0x80127f30                obj_mark_for_deletion
                0x80127f38                cur_obj_disable
                0x80127f68                cur_obj_become_intangible
                0x80127f7c                cur_obj_become_tangible
                0x80127f8c                obj_become_tangible
                0x80127f94                cur_obj_update_floor_height
                0x80127fd4                cur_obj_update_floor_height_and_get_floor
                0x801280c4                cur_obj_apply_drag_xz
                0x801285b4                cur_obj_move_y
                0x801287c0                cur_obj_unused_resolve_wall_collisions
                0x80128810                abs_angle_diff
                0x80128858                cur_obj_move_xz_using_fvel_and_yaw
                0x801288dc                cur_obj_move_y_with_terminal_vel
                0x80128920                cur_obj_compute_vel_xz
                0x8012897c                increment_velocity_toward_range
                0x801289f4                obj_check_if_collided_with_object
                0x80128a38                cur_obj_set_behavior
                0x80128a64                obj_set_behavior
                0x80128a90                cur_obj_has_behavior
                0x80128acc                obj_has_behavior
                0x80128b08                cur_obj_lateral_dist_from_mario_to_home
                0x80128b5c                cur_obj_lateral_dist_to_home
                0x80128ba8                cur_obj_outside_home_square
                0x80128c3c                cur_obj_outside_home_rectangle
                0x80128ce0                cur_obj_set_pos_to_home
                0x80128d10                cur_obj_set_pos_to_home_and_stop
                0x80128d4c                cur_obj_shake_y
                0x80128d88                cur_obj_start_cam_event
                0x80128da8                set_mario_interact_hoot_if_in_range
                0x80128de8                obj_set_billboard
                0x80128df8                cur_obj_set_hitbox_radius_and_height
                0x80128e14                cur_obj_set_hurtbox_radius_and_height
                0x80128f38                obj_spawn_loot_blue_coins
                0x80128f78                obj_spawn_loot_yellow_coins
                0x80128fb0                cur_obj_spawn_loot_coin_at_mario_pos
                0x80129014                cur_obj_abs_y_dist_to_home
                0x80129048                cur_obj_advance_looping_anim
                0x801291f4                cur_obj_resolve_wall_collisions
                0x80129520                cur_obj_update_floor_and_walls
                0x80129540                cur_obj_move_standard
                0x8012973c                cur_obj_move_using_vel_and_gravity
                0x801297b8                cur_obj_move_using_fvel_and_gravity
                0x801297e0                obj_set_pos_relative
                0x8012985c                cur_obj_angle_to_home
                0x80129898                obj_set_gfx_pos_at_obj_pos
                0x801298d4                obj_translate_local
                0x80129998                obj_build_transform_from_pos_and_angle
                0x80129a10                obj_set_throw_matrix_from_transform
                0x80129a68                obj_build_transform_relative_to_parent
                0x80129aec                obj_create_transform_from_self
                0x80129b20                cur_obj_rotate_move_angle_using_vel
                0x80129b68                cur_obj_rotate_face_angle_using_vel
                0x80129bb0                cur_obj_set_face_angle_to_move_angle
                0x80129be0                cur_obj_follow_path
                0x80129da8                chain_segment_init
                0x80129dc8                random_f32_around_zero
                0x80129dfc                obj_scale_random
                0x80129e4c                obj_translate_xyz_random
                0x80129ee4                obj_translate_xz_random
                0x80129fd4                cur_obj_set_pos_via_transform
                0x8012a054                cur_obj_reflect_move_angle_off_wall
                0x8012a080                cur_obj_spawn_particles
                0x8012a224                obj_set_hitbox
                0x8012a314                signum_positive
                0x8012a32c                absf
                0x8012a358                absi
                0x8012a370                cur_obj_wait_then_blink
                0x8012a3e0                cur_obj_is_mario_ground_pounding_platform
                0x8012a428                spawn_mist_particles
                0x8012a450                spawn_mist_particles_with_sound
                0x8012a484                cur_obj_push_mario_away
                0x8012a534                cur_obj_push_mario_away_from_cylinder
                0x8012a598                bhv_dust_smoke_loop
                0x8012a62c                cur_obj_set_direction_table
                0x8012a654                cur_obj_progress_direction_table
                0x8012a698                stub_obj_helpers_3
                0x8012a6a4                cur_obj_scale_over_time
                0x8012a730                cur_obj_set_pos_to_home_with_debug
                0x8012a7e4                stub_obj_helpers_4