
Merging object attributes


There are no discarded input sections

Memory Configuration

Name             Origin             Length             Attributes
*default*        0x00000000         0xffffffff

Linker script and memory map

Address of section .text set to 0x3000000
LOAD build/us/actors/common1.o
                [!provide]                        PROVIDE (__executable_start = SEGMENT_START ("text-segment", 0x400000))
                0x00400094                        . = (SEGMENT_START ("text-segment", 0x400000) + SIZEOF_HEADERS)

.note.gnu.build-id
 *(.note.gnu.build-id)

.interp
 *(.interp)

.MIPS.abiflags
 *(.MIPS.abiflags)

.reginfo        0x00400094       0x18
 *(.reginfo)
 .reginfo       0x00400094       0x18 build/us/actors/common1.o

.MIPS.xhash
 *(.MIPS.xhash)

.dynamic
 *(.dynamic)

.hash
 *(.hash)

.gnu.hash
 *(.gnu.hash)

.dynsym
 *(.dynsym)

.dynstr
 *(.dynstr)

.gnu.version
 *(.gnu.version)

.gnu.version_d
 *(.gnu.version_d)

.gnu.version_r
 *(.gnu.version_r)

.rel.dyn        0x004000ac        0x0
 *(.rel.init)
 *(.rel.text .rel.text.* .rel.gnu.linkonce.t.*)
 *(.rel.fini)
 *(.rel.rodata .rel.rodata.* .rel.gnu.linkonce.r.*)
 *(.rel.data.rel.ro .rel.data.rel.ro.* .rel.gnu.linkonce.d.rel.ro.*)
 *(.rel.data .rel.data.* .rel.gnu.linkonce.d.*)
 *(.rel.tdata .rel.tdata.* .rel.gnu.linkonce.td.*)
 *(.rel.tbss .rel.tbss.* .rel.gnu.linkonce.tb.*)
 *(.rel.ctors)
 *(.rel.dtors)
 *(.rel.got)
 *(.rel.dyn)
 .rel.dyn       0x004000ac        0x0 build/us/actors/common1.o
 *(.rel.sdata .rel.sdata.* .rel.gnu.linkonce.s.*)
 *(.rel.sbss .rel.sbss.* .rel.gnu.linkonce.sb.*)
 *(.rel.sdata2 .rel.sdata2.* .rel.gnu.linkonce.s2.*)
 *(.rel.sbss2 .rel.sbss2.* .rel.gnu.linkonce.sb2.*)
 *(.rel.bss .rel.bss.* .rel.gnu.linkonce.b.*)
                [!provide]                        PROVIDE (__rel_iplt_start = .)
 *(.rel.iplt)
                [!provide]                        PROVIDE (__rel_iplt_end = .)

.rela.dyn       0x004000ac        0x0
 *(.rela.init)
 *(.rela.text .rela.text.* .rela.gnu.linkonce.t.*)
 *(.rela.fini)
 *(.rela.rodata .rela.rodata.* .rela.gnu.linkonce.r.*)
 *(.rela.data .rela.data.* .rela.gnu.linkonce.d.*)
 *(.rela.tdata .rela.tdata.* .rela.gnu.linkonce.td.*)
 *(.rela.tbss .rela.tbss.* .rela.gnu.linkonce.tb.*)
 *(.rela.ctors)
 *(.rela.dtors)
 *(.rela.got)
 *(.rela.sdata .rela.sdata.* .rela.gnu.linkonce.s.*)
 *(.rela.sbss .rela.sbss.* .rela.gnu.linkonce.sb.*)
 *(.rela.sdata2 .rela.sdata2.* .rela.gnu.linkonce.s2.*)
 *(.rela.sbss2 .rela.sbss2.* .rela.gnu.linkonce.sb2.*)
 *(.rela.bss .rela.bss.* .rela.gnu.linkonce.b.*)
                [!provide]                        PROVIDE (__rela_iplt_start = .)
 *(.rela.iplt)
                [!provide]                        PROVIDE (__rela_iplt_end = .)

.rel.plt
 *(.rel.plt)

.rela.plt
 *(.rela.plt)

.init
 *(SORT_NONE(.init))

.text           0x03000000        0x0
                0x03000000                        _ftext = .
 *(.text.unlikely .text.*_unlikely .text.unlikely.*)
 *(.text.exit .text.exit.*)
 *(.text.startup .text.startup.*)
 *(.text.hot .text.hot.*)
 *(SORT_BY_NAME(.text.sorted.*))
 *(.text .stub .text.* .gnu.linkonce.t.*)
 *(.gnu.warning)
 *(.mips16.fn.*)
 *(.mips16.call.*)

.fini
 *(SORT_NONE(.fini))
                [!provide]                        PROVIDE (__etext = .)
                [!provide]                        PROVIDE (_etext = .)
                [!provide]                        PROVIDE (etext = .)

.rodata
 *(.rodata .rodata.* .gnu.linkonce.r.*)

.rodata1
 *(.rodata1)

.sdata2
 *(.sdata2 .sdata2.* .gnu.linkonce.s2.*)

.sbss2
 *(.sbss2 .sbss2.* .gnu.linkonce.sb2.*)

.eh_frame_hdr
 *(.eh_frame_hdr)
 *(.eh_frame_entry .eh_frame_entry.*)

.eh_frame
 *(.eh_frame)
 *(.eh_frame.*)

.sframe
 *(.sframe)
 *(.sframe.*)

.gcc_except_table
 *(.gcc_except_table .gcc_except_table.*)

.gnu_extab
 *(.gnu_extab*)

.exception_ranges
 *(.exception_ranges*)

.plt
 *(.plt)

.iplt
 *(.iplt)

.note.build-id
 *(.note.build-id)

.note.GNU-stack
 *(.note.GNU-stack)

.note.gnu.property
 *(.note.gnu.property)

.note.ABI-tag
 *(.note.ABI-tag)

.note.package
 *(.note.package)

.note.dlopen
 *(.note.dlopen)

.note.netbsd.ident
 *(.note.netbsd.ident)

.note.openbsd.ident
 *(.note.openbsd.ident)
                0x03000000                        . = DATA_SEGMENT_ALIGN (CONSTANT (MAXPAGESIZE), CONSTANT (COMMONPAGESIZE))

.eh_frame
 *(.eh_frame)
 *(.eh_frame.*)

.sframe
 *(.sframe)
 *(.sframe.*)

.gnu_extab
 *(.gnu_extab)

.gcc_except_table
 *(.gcc_except_table .gcc_except_table.*)

.exception_ranges
 *(.exception_ranges*)

.tdata          0x03000000        0x0
                [!provide]                        PROVIDE (__tdata_start = .)
 *(.tdata .tdata.* .gnu.linkonce.td.*)

.tbss
 *(.tbss .tbss.* .gnu.linkonce.tb.*)
 *(.tcommon)

.preinit_array  0x03000000        0x0
                [!provide]                        PROVIDE (__preinit_array_start = .)
 *(.preinit_array)
                [!provide]                        PROVIDE (__preinit_array_end = .)

.init_array     0x03000000        0x0
                [!provide]                        PROVIDE (__init_array_start = .)
 *(SORT_BY_INIT_PRIORITY(.init_array.*) SORT_BY_INIT_PRIORITY(.ctors.*))
 *(.init_array EXCLUDE_FILE(*crtend?.o *crtend.o *crtbegin?.o *crtbegin.o) .ctors)
                [!provide]                        PROVIDE (__init_array_end = .)

.fini_array     0x03000000        0x0
                [!provide]                        PROVIDE (__fini_array_start = .)
 *(SORT_BY_INIT_PRIORITY(.fini_array.*) SORT_BY_INIT_PRIORITY(.dtors.*))
 *(.fini_array EXCLUDE_FILE(*crtend?.o *crtend.o *crtbegin?.o *crtbegin.o) .dtors)
                [!provide]                        PROVIDE (__fini_array_end = .)

.ctors
 *crtbegin.o(.ctors)
 *crtbegin?.o(.ctors)
 *(EXCLUDE_FILE(*crtend?.o *crtend.o) .ctors)
 *(SORT_BY_NAME(.ctors.*))
 *(.ctors)

.dtors
 *crtbegin.o(.dtors)
 *crtbegin?.o(.dtors)
 *(EXCLUDE_FILE(*crtend?.o *crtend.o) .dtors)
 *(SORT_BY_NAME(.dtors.*))
 *(.dtors)

.jcr
 *(.jcr)

.data.rel.ro
 *(.data.rel.ro.local* .gnu.linkonce.d.rel.ro.local.*)
 *(.data.rel.ro .data.rel.ro.* .gnu.linkonce.d.rel.ro.*)
                0x03000000                        . = DATA_SEGMENT_RELRO_END (., 0x0)

.got.plt
 *(.got.plt)

.data           0x03000000    0x33310
                0x03000000                        _fdata = .
 *(.data .data.* .gnu.linkonce.d.*)
 .data          0x03000000    0x33310 build/us/actors/common1.o
                0x03000880                mist_seg3_dl_03000880
                0x03000920                mist_seg3_dl_03000920
                0x03004208                explosion_seg3_dl_03004208
                0x03004298                explosion_seg3_dl_03004298
                0x030042b0                explosion_seg3_dl_030042B0
                0x030042c8                explosion_seg3_dl_030042C8
                0x030042e0                explosion_seg3_dl_030042E0
                0x030042f8                explosion_seg3_dl_030042F8
                0x03004310                explosion_seg3_dl_03004310
                0x03004328                explosion_seg3_dl_03004328
                0x03005408                butterfly_seg3_dl_03005408
                0x030054a0                butterfly_seg3_dl_030054A0
                0x030056b0                butterfly_seg3_anims_030056B0
                0x03007780                coin_seg3_dl_03007780
                0x030077d0                coin_seg3_dl_030077D0
                0x03007800                coin_seg3_dl_03007800
                0x03007828                coin_seg3_dl_03007828
                0x03007850                coin_seg3_dl_03007850
                0x03007878                coin_seg3_dl_03007878
                0x030078a0                coin_seg3_dl_030078A0
                0x030078c8                coin_seg3_dl_030078C8
                0x030078f0                coin_seg3_dl_030078F0
                0x03007918                coin_seg3_dl_03007918
                0x03007940                coin_seg3_dl_03007940
                0x03007968                coin_seg3_dl_03007968
                0x03007990                coin_seg3_dl_03007990
                0x030079b8                coin_seg3_dl_030079B8
                0x03008e40                warp_pipe_seg3_dl_03008E40
                0x03008f98                warp_pipe_seg3_dl_03008F98
                0x03009968                warp_pipe_seg3_dl_03009968
                0x03009a20                warp_pipe_seg3_dl_03009A20
                0x03009a50                warp_pipe_seg3_dl_03009A50
                0x03009ac8                warp_pipe_seg3_collision_03009AC8
                0x03013c10                door_seg3_dl_03013C10
                0x03013cc8                door_seg3_dl_03013CC8
                0x03013d78                door_seg3_dl_03013D78
                0x03013e28                door_seg3_dl_03013E28
                0x03013ea8                door_seg3_dl_03013EA8
                0x03014020                door_seg3_dl_03014020
                0x03014100                door_seg3_dl_03014100
                0x03014128                door_seg3_dl_03014128
                0x030141c0                door_seg3_dl_030141C0
                0x03014218                door_seg3_dl_03014218
                0x03014250                door_seg3_dl_03014250
                0x03014280                door_seg3_dl_03014280
                0x030142b0                door_seg3_dl_030142B0
                0x030142e0                door_seg3_dl_030142E0
                0x03014310                door_seg3_dl_03014310
                0x03014340                door_seg3_dl_03014340
                0x03014470                door_seg3_dl_03014470
                0x030144e0                door_seg3_dl_030144E0
                0x03014528                door_seg3_dl_03014528
                0x03014540                door_seg3_dl_03014540
                0x03014888                door_seg3_dl_03014888
                0x030149c0                door_seg3_dl_030149C0
                0x03014a20                door_seg3_dl_03014A20
                0x03014a50                door_seg3_dl_03014A50
                0x03014a80                door_seg3_dl_03014A80
                0x03014b30                door_seg3_dl_03014B30
                0x03014be0                door_seg3_dl_03014BE0
                0x03014c90                door_seg3_dl_03014C90
                0x03014d40                door_seg3_dl_03014D40
                0x03014ef0                door_seg3_dl_03014EF0
                0x03014f30                door_seg3_dl_03014F30
                0x03014f68                door_seg3_dl_03014F68
                0x03014f98                door_seg3_dl_03014F98
                0x03015008                door_seg3_dl_03015008
                0x03015078                door_seg3_dl_03015078
                0x030150e8                door_seg3_dl_030150E8
                0x03015158                door_seg3_dl_03015158
                0x030156c0                door_seg3_anims_030156C0
                0x030161f8                bowser_key_dl
                0x030172d0                bowser_key_seg3_anims_list
                0x0301b320                flame_seg3_dl_0301B320
                0x0301b3b0                flame_seg3_dl_0301B3B0
                0x0301b3c8                flame_seg3_dl_0301B3C8
                0x0301b3e0                flame_seg3_dl_0301B3E0
                0x0301b3f8                flame_seg3_dl_0301B3F8
                0x0301b410                flame_seg3_dl_0301B410
                0x0301b428                flame_seg3_dl_0301B428
                0x0301b440                flame_seg3_dl_0301B440
                0x0301b458                flame_seg3_dl_0301B458
                0x0301b470                flame_seg3_dl_0301B470
                0x0301b500                flame_seg3_dl_0301B500
                0x0301b518                flame_seg3_dl_0301B518
                0x0301b530                flame_seg3_dl_0301B530
                0x0301b548                flame_seg3_dl_0301B548
                0x0301b560                flame_seg3_dl_0301B560
                0x0301b578                flame_seg3_dl_0301B578
                0x0301b590                flame_seg3_dl_0301B590
                0x0301b5a8                flame_seg3_dl_0301B5A8
                0x0301bec0                blue_fish_seg3_dl_0301BEC0
                0x0301bfb8                blue_fish_seg3_dl_0301BFB8
                0x0301c0a8                blue_fish_seg3_dl_0301C0A8
                0x0301c150                blue_fish_seg3_dl_0301C150
                0x0301c2b0                blue_fish_seg3_anims_0301C2B0
                0x0301cb00                pebble_seg3_dl_0301CB00
                0x0301cde0                leaves_seg3_dl_0301CDE0
                0x0301ce78                door_seg3_collision_0301CE78
                0x0301cecc                lll_hexagonal_mesh_seg3_collision_0301CECC
                0x03022b30                mario_cap_seg3_dl_03022B30
                0x03022b68                mario_cap_seg3_dl_03022B68
                0x03022cc8                mario_cap_seg3_dl_03022CC8
                0x03022d10                mario_cap_seg3_dl_03022D10
                0x03022e78                mario_cap_seg3_dl_03022E78
                0x03022ea8                mario_cap_seg3_dl_03022EA8
                0x03022ed8                mario_cap_seg3_dl_03022ED8
                0x03022f20                mario_cap_seg3_dl_03022F20
                0x03022f48                mario_cap_seg3_dl_03022F48
                0x03022ff8                mario_cap_seg3_dl_03022FF8
                0x030230b0                mario_cap_seg3_dl_030230B0
                0x03023108                mario_cap_seg3_dl_03023108
                0x03023160                mario_cap_seg3_dl_03023160
                0x03023298                mario_cap_seg3_dl_03023298
                0x030293e0                power_meter_health_segments_lut
                0x03029480                dl_power_meter_base
                0x03029570                dl_power_meter_health_segments_begin
                0x030295a0                dl_power_meter_health_segments_end
                0x0302a628                mushroom_1up_seg3_dl_0302A628
                0x0302a660                mushroom_1up_seg3_dl_0302A660
                0x0302b7b0                star_seg3_dl_0302B7B0
                0x0302b870                star_seg3_dl_0302B870
                0x0302b9c0                star_seg3_dl_0302B9C0
                0x0302ba18                star_seg3_dl_0302BA18
                0x0302bcd0                sand_seg3_dl_0302BCD0
                0x0302bff8                dirt_seg3_dl_0302BFF8
                0x0302c028                dirt_seg3_dl_0302C028
                0x0302c238                dirt_seg3_dl_0302C238
                0x0302c298                dirt_seg3_dl_0302C298
                0x0302c2b8                dirt_seg3_dl_0302C2B8
                0x0302c2d8                dirt_seg3_dl_0302C2D8
                0x0302c2f8                dirt_seg3_dl_0302C2F8
                0x0302c318                dirt_seg3_dl_0302C318
                0x0302c378                dirt_seg3_dl_0302C378
                0x0302c3b0                dirt_seg3_dl_0302C3B0
                0x0302c3e8                dirt_seg3_dl_0302C3E8
                0x0302c420                dirt_seg3_dl_0302C420
                0x0302c458                dirt_seg3_dl_0302C458
                0x0302c560                transparent_star_seg3_dl_0302C560
                0x0302c620                transparent_star_seg3_dl_0302C620
                0x0302c8a0                white_particle_dl
                0x0302d9c8                wooden_signpost_seg3_dl_0302D9C8
                0x0302da48                wooden_signpost_seg3_dl_0302DA48
                0x0302dc40                wooden_signpost_seg3_dl_0302DC40
                0x0302dcd0                wooden_signpost_seg3_dl_0302DCD0
                0x0302dd08                wooden_signpost_seg3_dl_0302DD08
                0x0302dd80                wooden_signpost_seg3_collision_0302DD80
                0x0302fe88                tree_seg3_dl_0302FE88
                0x0302feb8                tree_seg3_dl_0302FEB8
                0x0302fee8                tree_seg3_dl_0302FEE8
                0x03030fa0                tree_seg3_dl_03030FA0
                0x03032088                tree_seg3_dl_03032088
                0x03032170                tree_seg3_dl_03032170
                0x03033258                tree_seg3_dl_03033258

.data1
 *(.data1)
                0x03033310                        . = .
                0x0303b300                        _gp = (ALIGN (0x10) + 0x7ff0)

.got
 *(.got)

.sdata
 *(.sdata .sdata.* .gnu.linkonce.s.*)

.lit8
 *(.lit8)

.lit4
 *(.lit4)
                0x03033310                        _edata = .
                [!provide]                        PROVIDE (edata = .)
                0x03033310                        . = ALIGN (ALIGNOF (NEXT_SECTION))
                0x03033310                        __bss_start = .
                0x03033310                        _fbss = .

.sbss
 *(.dynsbss)
 *(.sbss .sbss.* .gnu.linkonce.sb.*)
 *(.scommon)

.bss            0x03033310        0x0
 *(.dynbss)
 *(.bss .bss.* .gnu.linkonce.b.*)
 *(COMMON)
                0x03033310                        . = ALIGN ((. != 0x0)?0x4:0x1)
                0x03033310                        . = ALIGN (0x4)
                0x03033310                        . = SEGMENT_START ("ldata-segment", .)
                0x03033310                        . = ALIGN (0x4)
                0x03033310                        _end = .
                [!provide]                        PROVIDE (end = .)
                0x03033310                        . = DATA_SEGMENT_END (.)

.stab
 *(.stab)

.stabstr
 *(.stabstr)

.stab.excl
 *(.stab.excl)

.stab.exclstr
 *(.stab.exclstr)

.stab.index
 *(.stab.index)

.stab.indexstr
 *(.stab.indexstr)

.comment
 *(.comment)

.options        0x00000000       0x20
 .options       0x00000000       0x20 build/us/actors/common1.o

.gnu.build.attributes
 *(.gnu.build.attributes .gnu.build.attributes.*)

.debug
 *(.debug)

.line
 *(.line)

.debug_srcinfo
 *(.debug_srcinfo)

.debug_sfnames
 *(.debug_sfnames)

.debug_aranges
 *(.debug_aranges)

.debug_pubnames
 *(.debug_pubnames)

.debug_info
 *(.debug_info .gnu.linkonce.wi.*)

.debug_abbrev
 *(.debug_abbrev)

.debug_line
 *(.debug_line .debug_line.* .debug_line_end)

.debug_frame
 *(.debug_frame)

.debug_str
 *(.debug_str)

.debug_loc
 *(.debug_loc)

.debug_macinfo
 *(.debug_macinfo)

.debug_weaknames
 *(.debug_weaknames)

.debug_funcnames
 *(.debug_funcnames)

.debug_typenames
 *(.debug_typenames)

.debug_varnames
 *(.debug_varnames)

.debug_pubtypes
 *(.debug_pubtypes)

.debug_ranges
 *(.debug_ranges)

.debug_addr
 *(.debug_addr)

.debug_line_str
 *(.debug_line_str)

.debug_loclists
 *(.debug_loclists)

.debug_macro
 *(.debug_macro)

.debug_names
 *(.debug_names)

.debug_rnglists
 *(.debug_rnglists)

.debug_str_offsets
 *(.debug_str_offsets)

.debug_sup
 *(.debug_sup)

.gnu.attributes
 *(.gnu.attributes)

.gptab.sdata    0x03033310      0x160
 *(.gptab.data)
 .gptab.data    0x03033310      0x160 build/us/actors/common1.o
 *(.gptab.sdata)

.gptab.sbss
 *(.gptab.bss)
 *(.gptab.sbss)

.mdebug.abi32
 *(.mdebug.abi32)

.mdebug.abiN32
 *(.mdebug.abiN32)

.mdebug.abi64
 *(.mdebug.abi64)

.mdebug.abiO64
 *(.mdebug.abiO64)

.mdebug.eabi32
 *(.mdebug.eabi32)

.mdebug.eabi64
 *(.mdebug.eabi64)

.gcc_compiled_long32
 *(.gcc_compiled_long32)

.gcc_compiled_long64
 *(.gcc_compiled_long64)

/DISCARD/
 *(.note.GNU-stack)
 *(.gnu_debuglink)
 *(.gnu.lto_*)
 *(.gnu_object_only)
OUTPUT(build/us/actors/common1.elf elf32-tradbigmips)

.mdebug         0x00000000    0x13850
 .mdebug        0x00000000    0x176fc build/us/actors/common1.o
