
Merging object attributes


There are no discarded input sections

Memory Configuration

Name             Origin             Length             Attributes
*default*        0x00000000         0xffffffff

Linker script and memory map

Address of section .text set to 0x5000000
LOAD build/us/actors/group10.o
                [!provide]                        PROVIDE (__executable_start = SEGMENT_START ("text-segment", 0x400000))
                0x00400094                        . = (SEGMENT_START ("text-segment", 0x400000) + SIZEOF_HEADERS)

.note.gnu.build-id
 *(.note.gnu.build-id)

.interp
 *(.interp)

.MIPS.abiflags
 *(.MIPS.abiflags)

.reginfo        0x00400094       0x18
 *(.reginfo)
 .reginfo       0x00400094       0x18 build/us/actors/group10.o

.MIPS.xhash
 *(.MIPS.xhash)

.dynamic
 *(.dynamic)

.hash
 *(.hash)

.gnu.hash
 *(.gnu.hash)

.dynsym
 *(.dynsym)

.dynstr
 *(.dynstr)

.gnu.version
 *(.gnu.version)

.gnu.version_d
 *(.gnu.version_d)

.gnu.version_r
 *(.gnu.version_r)

.rel.dyn        0x004000ac        0x0
 *(.rel.init)
 *(.rel.text .rel.text.* .rel.gnu.linkonce.t.*)
 *(.rel.fini)
 *(.rel.rodata .rel.rodata.* .rel.gnu.linkonce.r.*)
 *(.rel.data.rel.ro .rel.data.rel.ro.* .rel.gnu.linkonce.d.rel.ro.*)
 *(.rel.data .rel.data.* .rel.gnu.linkonce.d.*)
 *(.rel.tdata .rel.tdata.* .rel.gnu.linkonce.td.*)
 *(.rel.tbss .rel.tbss.* .rel.gnu.linkonce.tb.*)
 *(.rel.ctors)
 *(.rel.dtors)
 *(.rel.got)
 *(.rel.dyn)
 .rel.dyn       0x004000ac        0x0 build/us/actors/group10.o
 *(.rel.sdata .rel.sdata.* .rel.gnu.linkonce.s.*)
 *(.rel.sbss .rel.sbss.* .rel.gnu.linkonce.sb.*)
 *(.rel.sdata2 .rel.sdata2.* .rel.gnu.linkonce.s2.*)
 *(.rel.sbss2 .rel.sbss2.* .rel.gnu.linkonce.sb2.*)
 *(.rel.bss .rel.bss.* .rel.gnu.linkonce.b.*)
                [!provide]                        PROVIDE (__rel_iplt_start = .)
 *(.rel.iplt)
                [!provide]                        PROVIDE (__rel_iplt_end = .)

.rela.dyn       0x004000ac        0x0
 *(.rela.init)
 *(.rela.text .rela.text.* .rela.gnu.linkonce.t.*)
 *(.rela.fini)
 *(.rela.rodata .rela.rodata.* .rela.gnu.linkonce.r.*)
 *(.rela.data .rela.data.* .rela.gnu.linkonce.d.*)
 *(.rela.tdata .rela.tdata.* .rela.gnu.linkonce.td.*)
 *(.rela.tbss .rela.tbss.* .rela.gnu.linkonce.tb.*)
 *(.rela.ctors)
 *(.rela.dtors)
 *(.rela.got)
 *(.rela.sdata .rela.sdata.* .rela.gnu.linkonce.s.*)
 *(.rela.sbss .rela.sbss.* .rela.gnu.linkonce.sb.*)
 *(.rela.sdata2 .rela.sdata2.* .rela.gnu.linkonce.s2.*)
 *(.rela.sbss2 .rela.sbss2.* .rela.gnu.linkonce.sb2.*)
 *(.rela.bss .rela.bss.* .rela.gnu.linkonce.b.*)
                [!provide]                        PROVIDE (__rela_iplt_start = .)
 *(.rela.iplt)
                [!provide]                        PROVIDE (__rela_iplt_end = .)

.rel.plt
 *(.rel.plt)

.rela.plt
 *(.rela.plt)

.init
 *(SORT_NONE(.init))

.text           0x05000000        0x0
                0x05000000                        _ftext = .
 *(.text.unlikely .text.*_unlikely .text.unlikely.*)
 *(.text.exit .text.exit.*)
 *(.text.startup .text.startup.*)
 *(.text.hot .text.hot.*)
 *(SORT_BY_NAME(.text.sorted.*))
 *(.text .stub .text.* .gnu.linkonce.t.*)
 *(.gnu.warning)
 *(.mips16.fn.*)
 *(.mips16.call.*)

.fini
 *(SORT_NONE(.fini))
                [!provide]                        PROVIDE (__etext = .)
                [!provide]                        PROVIDE (_etext = .)
                [!provide]                        PROVIDE (etext = .)

.rodata
 *(.rodata .rodata.* .gnu.linkonce.r.*)

.rodata1
 *(.rodata1)

.sdata2
 *(.sdata2 .sdata2.* .gnu.linkonce.s2.*)

.sbss2
 *(.sbss2 .sbss2.* .gnu.linkonce.sb2.*)

.eh_frame_hdr
 *(.eh_frame_hdr)
 *(.eh_frame_entry .eh_frame_entry.*)

.eh_frame
 *(.eh_frame)
 *(.eh_frame.*)

.sframe
 *(.sframe)
 *(.sframe.*)

.gcc_except_table
 *(.gcc_except_table .gcc_except_table.*)

.gnu_extab
 *(.gnu_extab*)

.exception_ranges
 *(.exception_ranges*)

.plt
 *(.plt)

.iplt
 *(.iplt)

.note.build-id
 *(.note.build-id)

.note.GNU-stack
 *(.note.GNU-stack)

.note.gnu.property
 *(.note.gnu.property)

.note.ABI-tag
 *(.note.ABI-tag)

.note.package
 *(.note.package)

.note.dlopen
 *(.note.dlopen)

.note.netbsd.ident
 *(.note.netbsd.ident)

.note.openbsd.ident
 *(.note.openbsd.ident)
                0x05000000                        . = DATA_SEGMENT_ALIGN (CONSTANT (MAXPAGESIZE), CONSTANT (COMMONPAGESIZE))

.eh_frame
 *(.eh_frame)
 *(.eh_frame.*)

.sframe
 *(.sframe)
 *(.sframe.*)

.gnu_extab
 *(.gnu_extab)

.gcc_except_table
 *(.gcc_except_table .gcc_except_table.*)

.exception_ranges
 *(.exception_ranges*)

.tdata          0x05000000        0x0
                [!provide]                        PROVIDE (__tdata_start = .)
 *(.tdata .tdata.* .gnu.linkonce.td.*)

.tbss
 *(.tbss .tbss.* .gnu.linkonce.tb.*)
 *(.tcommon)

.preinit_array  0x05000000        0x0
                [!provide]                        PROVIDE (__preinit_array_start = .)
 *(.preinit_array)
                [!provide]                        PROVIDE (__preinit_array_end = .)

.init_array     0x05000000        0x0
                [!provide]                        PROVIDE (__init_array_start = .)
 *(SORT_BY_INIT_PRIORITY(.init_array.*) SORT_BY_INIT_PRIORITY(.ctors.*))
 *(.init_array EXCLUDE_FILE(*crtend?.o *crtend.o *crtbegin?.o *crtbegin.o) .ctors)
                [!provide]                        PROVIDE (__init_array_end = .)

.fini_array     0x05000000        0x0
                [!provide]                        PROVIDE (__fini_array_start = .)
 *(SORT_BY_INIT_PRIORITY(.fini_array.*) SORT_BY_INIT_PRIORITY(.dtors.*))
 *(.fini_array EXCLUDE_FILE(*crtend?.o *crtend.o *crtbegin?.o *crtbegin.o) .dtors)
                [!provide]                        PROVIDE (__fini_array_end = .)

.ctors
 *crtbegin.o(.ctors)
 *crtbegin?.o(.ctors)
 *(EXCLUDE_FILE(*crtend?.o *crtend.o) .ctors)
 *(SORT_BY_NAME(.ctors.*))
 *(.ctors)

.dtors
 *crtbegin.o(.dtors)
 *crtbegin?.o(.dtors)
 *(EXCLUDE_FILE(*crtend?.o *crtend.o) .dtors)
 *(SORT_BY_NAME(.dtors.*))
 *(.dtors)

.jcr
 *(.jcr)

.data.rel.ro
 *(.data.rel.ro.local* .gnu.linkonce.d.rel.ro.local.*)
 *(.data.rel.ro .data.rel.ro.* .gnu.linkonce.d.rel.ro.*)
                0x05000000                        . = DATA_SEGMENT_RELRO_END (., 0x0)

.got.plt
 *(.got.plt)

.data           0x05000000    0x24200
                0x05000000                        _fdata = .
 *(.data .data.* .gnu.linkonce.d.*)
 .data          0x05000000    0x24200 build/us/actors/group10.o
                0x05000528                birds_seg5_dl_05000528
                0x05000598                birds_seg5_dl_05000598
                0x05000600                birds_seg5_dl_05000600
                0x05000670                birds_seg5_dl_05000670
                0x050009e8                birds_seg5_anims_050009E8
                0x05005648                peach_seg5_dl_05005648
                0x05005750                peach_seg5_dl_05005750
                0x05005780                peach_seg5_dl_05005780
                0x050058b8                peach_seg5_dl_050058B8
                0x050058e0                peach_seg5_dl_050058E0
                0x05005c48                peach_seg5_dl_05005C48
                0x05005cb0                peach_seg5_dl_05005CB0
                0x05005ce0                peach_seg5_dl_05005CE0
                0x05005d38                peach_seg5_dl_05005D38
                0x05005d90                peach_seg5_dl_05005D90
                0x05005de8                peach_seg5_dl_05005DE8
                0x05005e40                peach_seg5_dl_05005E40
                0x05005e98                peach_seg5_dl_05005E98
                0x05005ef0                peach_seg5_dl_05005EF0
                0x05005f48                peach_seg5_dl_05005F48
                0x05006058                peach_seg5_dl_05006058
                0x050060e0                peach_seg5_dl_050060E0
                0x05006728                peach_seg5_dl_05006728
                0x05006798                peach_seg5_dl_05006798
                0x05006a18                peach_seg5_dl_05006A18
                0x05006fa8                peach_seg5_dl_05006FA8
                0x05007230                peach_seg5_dl_05007230
                0x05007288                peach_seg5_us_dl_05007288
                0x05007870                peach_seg5_dl_05007810
                0x05007b18                peach_seg5_dl_05007AB8
                0x05007d48                peach_seg5_dl_05007CE8
                0x05007eb8                peach_seg5_dl_05007E58
                0x05008118                peach_seg5_dl_050080B8
                0x05008288                peach_seg5_dl_05008228
                0x05008488                peach_seg5_dl_05008428
                0x05008520                peach_seg5_dl_050084C0
                0x050085c0                peach_seg5_dl_05008560
                0x05008728                peach_seg5_dl_050086C8
                0x05008808                peach_seg5_dl_050087A8
                0x050089d8                peach_seg5_dl_05008978
                0x05008a70                peach_seg5_dl_05008A10
                0x05008b10                peach_seg5_dl_05008AB0
                0x05008c78                peach_seg5_dl_05008C18
                0x05008d58                peach_seg5_dl_05008CF8
                0x05008e98                peach_seg5_dl_05008E38
                0x05008f80                peach_seg5_dl_05008F20
                0x050090c0                peach_seg5_dl_05009060
                0x050091a8                peach_seg5_dl_05009148
                0x050093e8                peach_seg5_dl_05009388
                0x05009560                peach_seg5_dl_05009500
                0x05009820                peach_seg5_dl_050097C0
                0x050099a0                peach_seg5_dl_05009940
                0x05009e80                peach_seg5_dl_05009E20
                0x0500a108                peach_seg5_dl_0500A0A8
                0x0500a188                peach_seg5_us_dl_0500A188
                0x0501c504                peach_seg5_anims_0501C41C
                0x0501d528                yoshi_seg5_dl_0501D440
                0x0501d570                yoshi_seg5_dl_0501D488
                0x0501d5c8                yoshi_seg5_dl_0501D4E0
                0x0501d9e0                yoshi_seg5_dl_0501D8F8
                0x0501da28                yoshi_seg5_dl_0501D940
                0x0501da58                yoshi_seg5_dl_0501D970
                0x0501da80                yoshi_seg5_dl_0501D998
                0x05021398                yoshi_seg5_dl_050212B0
                0x05021578                yoshi_seg5_dl_05021490
                0x050216c0                yoshi_seg5_dl_050215D8
                0x05021760                yoshi_seg5_dl_05021678
                0x05021800                yoshi_seg5_dl_05021718
                0x05021948                yoshi_seg5_dl_05021860
                0x050219e8                yoshi_seg5_dl_05021900
                0x05021a88                yoshi_seg5_dl_050219A0
                0x05021c78                yoshi_seg5_dl_05021B90
                0x05021dc0                yoshi_seg5_dl_05021CD8
                0x05021f20                yoshi_seg5_dl_05021E38
                0x05022058                yoshi_seg5_dl_05021F70
                0x05022248                yoshi_seg5_dl_05022160
                0x05022390                yoshi_seg5_dl_050222A8
                0x050224f0                yoshi_seg5_dl_05022408
                0x050226f0                yoshi_seg5_dl_05022608
                0x050241e8                yoshi_seg5_anims_05024100

.data1
 *(.data1)
                0x05024200                        . = .
                0x0502c1f0                        _gp = (ALIGN (0x10) + 0x7ff0)

.got
 *(.got)

.sdata
 *(.sdata .sdata.* .gnu.linkonce.s.*)

.lit8
 *(.lit8)

.lit4
 *(.lit4)
                0x05024200                        _edata = .
                [!provide]                        PROVIDE (edata = .)
                0x05024200                        . = ALIGN (ALIGNOF (NEXT_SECTION))
                0x05024200                        __bss_start = .
                0x05024200                        _fbss = .

.sbss
 *(.dynsbss)
 *(.sbss .sbss.* .gnu.linkonce.sb.*)
 *(.scommon)

.bss            0x05024200        0x0
 *(.dynbss)
 *(.bss .bss.* .gnu.linkonce.b.*)
 *(COMMON)
                0x05024200                        . = ALIGN ((. != 0x0)?0x4:0x1)
                0x05024200                        . = ALIGN (0x4)
                0x05024200                        . = SEGMENT_START ("ldata-segment", .)
                0x05024200                        . = ALIGN (0x4)
                0x05024200                        _end = .
                [!provide]                        PROVIDE (end = .)
                0x05024200                        . = DATA_SEGMENT_END (.)

.stab
 *(.stab)

.stabstr
 *(.stabstr)

.stab.excl
 *(.stab.excl)

.stab.exclstr
 *(.stab.exclstr)

.stab.index
 *(.stab.index)

.stab.indexstr
 *(.stab.indexstr)

.comment
 *(.comment)

.options        0x00000000       0x20
 .options       0x00000000       0x20 build/us/actors/group10.o

.gnu.build.attributes
 *(.gnu.build.attributes .gnu.build.attributes.*)

.debug
 *(.debug)

.line
 *(.line)

.debug_srcinfo
 *(.debug_srcinfo)

.debug_sfnames
 *(.debug_sfnames)

.debug_aranges
 *(.debug_aranges)

.debug_pubnames
 *(.debug_pubnames)

.debug_info
 *(.debug_info .gnu.linkonce.wi.*)

.debug_abbrev
 *(.debug_abbrev)

.debug_line
 *(.debug_line .debug_line.* .debug_line_end)

.debug_frame
 *(.debug_frame)

.debug_str
 *(.debug_str)

.debug_loc
 *(.debug_loc)

.debug_macinfo
 *(.debug_macinfo)

.debug_weaknames
 *(.debug_weaknames)

.debug_funcnames
 *(.debug_funcnames)

.debug_typenames
 *(.debug_typenames)

.debug_varnames
 *(.debug_varnames)

.debug_pubtypes
 *(.debug_pubtypes)

.debug_ranges
 *(.debug_ranges)

.debug_addr
 *(.debug_addr)

.debug_line_str
 *(.debug_line_str)

.debug_loclists
 *(.debug_loclists)

.debug_macro
 *(.debug_macro)

.debug_names
 *(.debug_names)

.debug_rnglists
 *(.debug_rnglists)

.debug_str_offsets
 *(.debug_str_offsets)

.debug_sup
 *(.debug_sup)

.gnu.attributes
 *(.gnu.attributes)

.gptab.sdata    0x05024200      0x1d8
 *(.gptab.data)
 .gptab.data    0x05024200      0x1d8 build/us/actors/group10.o
 *(.gptab.sdata)

.gptab.sbss
 *(.gptab.bss)
 *(.gptab.sbss)

.mdebug.abi32
 *(.mdebug.abi32)

.mdebug.abiN32
 *(.mdebug.abiN32)

.mdebug.abi64
 *(.mdebug.abi64)

.mdebug.abiO64
 *(.mdebug.abiO64)

.mdebug.eabi32
 *(.mdebug.eabi32)

.mdebug.eabi64
 *(.mdebug.eabi64)

.gcc_compiled_long32
 *(.gcc_compiled_long32)

.gcc_compiled_long64
 *(.gcc_compiled_long64)

/DISCARD/
 *(.note.GNU-stack)
 *(.gnu_debuglink)
 *(.gnu.lto_*)
 *(.gnu_object_only)
OUTPUT(build/us/actors/group10.elf elf32-tradbigmips)

.mdebug         0x00000000    0x11fac
 .mdebug        0x00000000    0x155f0 build/us/actors/group10.o
