
Merging object attributes


There are no discarded input sections

Memory Configuration

Name             Origin             Length             Attributes
*default*        0x00000000         0xffffffff

Linker script and memory map

Address of section .text set to 0x2000000
LOAD build/us/bin/segment2.o
                [!provide]                        PROVIDE (__executable_start = SEGMENT_START ("text-segment", 0x400000))
                0x00400094                        . = (SEGMENT_START ("text-segment", 0x400000) + SIZEOF_HEADERS)

.note.gnu.build-id
 *(.note.gnu.build-id)

.interp
 *(.interp)

.MIPS.abiflags
 *(.MIPS.abiflags)

.reginfo        0x00400094       0x18
 *(.reginfo)
 .reginfo       0x00400094       0x18 build/us/bin/segment2.o

.MIPS.xhash
 *(.MIPS.xhash)

.dynamic
 *(.dynamic)

.hash
 *(.hash)

.gnu.hash
 *(.gnu.hash)

.dynsym
 *(.dynsym)

.dynstr
 *(.dynstr)

.gnu.version
 *(.gnu.version)

.gnu.version_d
 *(.gnu.version_d)

.gnu.version_r
 *(.gnu.version_r)

.rel.dyn        0x004000ac        0x0
 *(.rel.init)
 *(.rel.text .rel.text.* .rel.gnu.linkonce.t.*)
 *(.rel.fini)
 *(.rel.rodata .rel.rodata.* .rel.gnu.linkonce.r.*)
 *(.rel.data.rel.ro .rel.data.rel.ro.* .rel.gnu.linkonce.d.rel.ro.*)
 *(.rel.data .rel.data.* .rel.gnu.linkonce.d.*)
 *(.rel.tdata .rel.tdata.* .rel.gnu.linkonce.td.*)
 *(.rel.tbss .rel.tbss.* .rel.gnu.linkonce.tb.*)
 *(.rel.ctors)
 *(.rel.dtors)
 *(.rel.got)
 *(.rel.dyn)
 .rel.dyn       0x004000ac        0x0 build/us/bin/segment2.o
 *(.rel.sdata .rel.sdata.* .rel.gnu.linkonce.s.*)
 *(.rel.sbss .rel.sbss.* .rel.gnu.linkonce.sb.*)
 *(.rel.sdata2 .rel.sdata2.* .rel.gnu.linkonce.s2.*)
 *(.rel.sbss2 .rel.sbss2.* .rel.gnu.linkonce.sb2.*)
 *(.rel.bss .rel.bss.* .rel.gnu.linkonce.b.*)
                [!provide]                        PROVIDE (__rel_iplt_start = .)
 *(.rel.iplt)
                [!provide]                        PROVIDE (__rel_iplt_end = .)

.rela.dyn       0x004000ac        0x0
 *(.rela.init)
 *(.rela.text .rela.text.* .rela.gnu.linkonce.t.*)
 *(.rela.fini)
 *(.rela.rodata .rela.rodata.* .rela.gnu.linkonce.r.*)
 *(.rela.data .rela.data.* .rela.gnu.linkonce.d.*)
 *(.rela.tdata .rela.tdata.* .rela.gnu.linkonce.td.*)
 *(.rela.tbss .rela.tbss.* .rela.gnu.linkonce.tb.*)
 *(.rela.ctors)
 *(.rela.dtors)
 *(.rela.got)
 *(.rela.sdata .rela.sdata.* .rela.gnu.linkonce.s.*)
 *(.rela.sbss .rela.sbss.* .rela.gnu.linkonce.sb.*)
 *(.rela.sdata2 .rela.sdata2.* .rela.gnu.linkonce.s2.*)
 *(.rela.sbss2 .rela.sbss2.* .rela.gnu.linkonce.sb2.*)
 *(.rela.bss .rela.bss.* .rela.gnu.linkonce.b.*)
                [!provide]                        PROVIDE (__rela_iplt_start = .)
 *(.rela.iplt)
                [!provide]                        PROVIDE (__rela_iplt_end = .)

.rel.plt
 *(.rel.plt)

.rela.plt
 *(.rela.plt)

.init
 *(SORT_NONE(.init))

.text           0x02000000        0x0
                0x02000000                        _ftext = .
 *(.text.unlikely .text.*_unlikely .text.unlikely.*)
 *(.text.exit .text.exit.*)
 *(.text.startup .text.startup.*)
 *(.text.hot .text.hot.*)
 *(SORT_BY_NAME(.text.sorted.*))
 *(.text .stub .text.* .gnu.linkonce.t.*)
 *(.gnu.warning)
 *(.mips16.fn.*)
 *(.mips16.call.*)

.fini
 *(SORT_NONE(.fini))
                [!provide]                        PROVIDE (__etext = .)
                [!provide]                        PROVIDE (_etext = .)
                [!provide]                        PROVIDE (etext = .)

.rodata
 *(.rodata .rodata.* .gnu.linkonce.r.*)

.rodata1
 *(.rodata1)

.sdata2
 *(.sdata2 .sdata2.* .gnu.linkonce.s2.*)

.sbss2
 *(.sbss2 .sbss2.* .gnu.linkonce.sb2.*)

.eh_frame_hdr
 *(.eh_frame_hdr)
 *(.eh_frame_entry .eh_frame_entry.*)

.eh_frame
 *(.eh_frame)
 *(.eh_frame.*)

.sframe
 *(.sframe)
 *(.sframe.*)

.gcc_except_table
 *(.gcc_except_table .gcc_except_table.*)

.gnu_extab
 *(.gnu_extab*)

.exception_ranges
 *(.exception_ranges*)

.plt
 *(.plt)

.iplt
 *(.iplt)

.note.build-id
 *(.note.build-id)

.note.GNU-stack
 *(.note.GNU-stack)

.note.gnu.property
 *(.note.gnu.property)

.note.ABI-tag
 *(.note.ABI-tag)

.note.package
 *(.note.package)

.note.dlopen
 *(.note.dlopen)

.note.netbsd.ident
 *(.note.netbsd.ident)

.note.openbsd.ident
 *(.note.openbsd.ident)
                0x02000000                        . = DATA_SEGMENT_ALIGN (CONSTANT (MAXPAGESIZE), CONSTANT (COMMONPAGESIZE))

.eh_frame
 *(.eh_frame)
 *(.eh_frame.*)

.sframe
 *(.sframe)
 *(.sframe.*)

.gnu_extab
 *(.gnu_extab)

.gcc_except_table
 *(.gcc_except_table .gcc_except_table.*)

.exception_ranges
 *(.exception_ranges*)

.tdata          0x02000000        0x0
                [!provide]                        PROVIDE (__tdata_start = .)
 *(.tdata .tdata.* .gnu.linkonce.td.*)

.tbss
 *(.tbss .tbss.* .gnu.linkonce.tb.*)
 *(.tcommon)

.preinit_array  0x02000000        0x0
                [!provide]                        PROVIDE (__preinit_array_start = .)
 *(.preinit_array)
                [!provide]                        PROVIDE (__preinit_array_end = .)

.init_array     0x02000000        0x0
                [!provide]                        PROVIDE (__init_array_start = .)
 *(SORT_BY_INIT_PRIORITY(.init_array.*) SORT_BY_INIT_PRIORITY(.ctors.*))
 *(.init_array EXCLUDE_FILE(*crtend?.o *crtend.o *crtbegin?.o *crtbegin.o) .ctors)
                [!provide]                        PROVIDE (__init_array_end = .)

.fini_array     0x02000000        0x0
                [!provide]                        PROVIDE (__fini_array_start = .)
 *(SORT_BY_INIT_PRIORITY(.fini_array.*) SORT_BY_INIT_PRIORITY(.dtors.*))
 *(.fini_array EXCLUDE_FILE(*crtend?.o *crtend.o *crtbegin?.o *crtbegin.o) .dtors)
                [!provide]                        PROVIDE (__fini_array_end = .)

.ctors
 *crtbegin.o(.ctors)
 *crtbegin?.o(.ctors)
 *(EXCLUDE_FILE(*crtend?.o *crtend.o) .ctors)
 *(SORT_BY_NAME(.ctors.*))
 *(.ctors)

.dtors
 *crtbegin.o(.dtors)
 *crtbegin?.o(.dtors)
 *(EXCLUDE_FILE(*crtend?.o *crtend.o) .dtors)
 *(SORT_BY_NAME(.dtors.*))
 *(.dtors)

.jcr
 *(.jcr)

.data.rel.ro
 *(.data.rel.ro.local* .gnu.linkonce.d.rel.ro.local.*)
 *(.data.rel.ro .data.rel.ro.* .gnu.linkonce.d.rel.ro.*)
                0x02000000                        . = DATA_SEGMENT_RELRO_END (., 0x0)

.got.plt
 *(.got.plt)

.data           0x02000000    0x18b60
                0x02000000                        _fdata = .
 *(.data .data.* .gnu.linkonce.d.*)
 .data          0x02000000    0x18b60 build/us/bin/segment2.o
                0x02007700                main_hud_lut
                0x020077e8                main_font_lut
                0x02007be8                main_credits_font_lut
                0x02007c7c                main_hud_camera_lut
                0x02007d28                seg2_debug_text_table
                0x02010bd0                seg2_dialog_table
                0x020110c0                seg2_course_name_table
                0x02011a80                seg2_act_name_table
                0x02011c10                dl_hud_img_begin
                0x02011c48                dl_hud_img_load_tex_block
                0x02011c78                dl_hud_img_end
                0x02011cb0                dl_rgba16_text_begin
                0x02011ce8                dl_rgba16_load_tex_block
                0x02011d18                dl_rgba16_text_end
                0x02011d98                dl_draw_text_bg_box
                0x02011e18                dl_ia_text_begin
                0x02011e58                dl_ia_text_tex_settings
                0x02011ea0                dl_ia_text_end
                0x02011f10                dl_draw_triangle
                0x02011fa0                dl_billboard_num_begin
                0x02011fe8                dl_billboard_num_end
                0x02012028                dl_billboard_num_0
                0x02012058                dl_billboard_num_1
                0x02012088                dl_billboard_num_2
                0x020120b8                dl_billboard_num_3
                0x020120e8                dl_billboard_num_4
                0x02012118                dl_billboard_num_5
                0x02012148                dl_billboard_num_6
                0x02012178                dl_billboard_num_7
                0x020121a8                dl_billboard_num_8
                0x020121d8                dl_billboard_num_9
                0x02012408                texture_transition_star_half
                0x02012c08                texture_transition_circle_half
                0x02013408                texture_transition_mario
                0x02014408                texture_transition_bowser_half
                0x02014c08                texture_waterbox_water
                0x02015408                texture_waterbox_jrb_water
                0x02015c08                texture_waterbox_unknown_water
                0x02016408                texture_waterbox_mist
                0x02016c08                texture_waterbox_lava
                0x020174a0                dl_draw_quad_verts_0123
                0x020174b8                dl_draw_quad_verts_4567
                0x020174d0                dl_shadow_begin
                0x020174f8                dl_shadow_circle
                0x02017540                dl_shadow_square
                0x02017588                dl_shadow_9_verts
                0x020175d0                dl_shadow_4_verts
                0x020175e8                dl_shadow_end
                0x02017610                dl_proj_mtx_fullscreen
                0x02017648                dl_screen_transition_end
                0x02017670                dl_transition_draw_filled_region
                0x020176b8                dl_skybox_begin
                0x020176e8                dl_skybox_tile_tex_settings
                0x02017718                dl_skybox_end
                0x02017740                dl_waterbox_rgba16_begin
                0x02017780                dl_waterbox_ia16_begin
                0x020177c0                dl_waterbox_end
                0x02017828                dl_ia8_up_arrow_begin
                0x02017860                dl_rgba16_unused
                0x02017890                dl_ia8_up_arrow_load_texture_block
                0x020178e8                dl_ia8_up_arrow_end
                0x02017920                dl_paintings_rippling_begin
                0x02017958                dl_paintings_rippling_end
                0x02017978                dl_paintings_env_mapped_begin
                0x020179b0                dl_paintings_env_mapped_end
                0x020179e0                dl_paintings_draw_ripples
                0x02017a10                seg2_painting_triangle_mesh
                0x020183f4                seg2_painting_mesh_neighbor_tris

.data1
 *(.data1)
                0x02018b60                        . = .
                0x02020b50                        _gp = (ALIGN (0x10) + 0x7ff0)

.got
 *(.got)

.sdata
 *(.sdata .sdata.* .gnu.linkonce.s.*)

.lit8
 *(.lit8)

.lit4
 *(.lit4)
                0x02018b60                        _edata = .
                [!provide]                        PROVIDE (edata = .)
                0x02018b60                        . = ALIGN (ALIGNOF (NEXT_SECTION))
                0x02018b60                        __bss_start = .
                0x02018b60                        _fbss = .

.sbss
 *(.dynsbss)
 *(.sbss .sbss.* .gnu.linkonce.sb.*)
 *(.scommon)

.bss            0x02018b60        0x0
 *(.dynbss)
 *(.bss .bss.* .gnu.linkonce.b.*)
 *(COMMON)
                0x02018b60                        . = ALIGN ((. != 0x0)?0x4:0x1)
                0x02018b60                        . = ALIGN (0x4)
                0x02018b60                        . = SEGMENT_START ("ldata-segment", .)
                0x02018b60                        . = ALIGN (0x4)
                0x02018b60                        _end = .
                [!provide]                        PROVIDE (end = .)
                0x02018b60                        . = DATA_SEGMENT_END (.)

.stab
 *(.stab)

.stabstr
 *(.stabstr)

.stab.excl
 *(.stab.excl)

.stab.exclstr
 *(.stab.exclstr)

.stab.index
 *(.stab.index)

.stab.indexstr
 *(.stab.indexstr)

.comment
 *(.comment)

.options        0x00000000       0x20
 .options       0x00000000       0x20 build/us/bin/segment2.o

.gnu.build.attributes
 *(.gnu.build.attributes .gnu.build.attributes.*)

.debug
 *(.debug)

.line
 *(.line)

.debug_srcinfo
 *(.debug_srcinfo)

.debug_sfnames
 *(.debug_sfnames)

.debug_aranges
 *(.debug_aranges)

.debug_pubnames
 *(.debug_pubnames)

.debug_info
 *(.debug_info .gnu.linkonce.wi.*)

.debug_abbrev
 *(.debug_abbrev)

.debug_line
 *(.debug_line .debug_line.* .debug_line_end)

.debug_frame
 *(.debug_frame)

.debug_str
 *(.debug_str)

.debug_loc
 *(.debug_loc)

.debug_macinfo
 *(.debug_macinfo)

.debug_weaknames
 *(.debug_weaknames)

.debug_funcnames
 *(.debug_funcnames)

.debug_typenames
 *(.debug_typenames)

.debug_varnames
 *(.debug_varnames)

.debug_pubtypes
 *(.debug_pubtypes)

.debug_ranges
 *(.debug_ranges)

.debug_addr
 *(.debug_addr)

.debug_line_str
 *(.debug_line_str)

.debug_loclists
 *(.debug_loclists)

.debug_macro
 *(.debug_macro)

.debug_names
 *(.debug_names)

.debug_rnglists
 *(.debug_rnglists)

.debug_str_offsets
 *(.debug_str_offsets)

.debug_sup
 *(.debug_sup)

.gnu.attributes
 *(.gnu.attributes)

.gptab.sdata    0x02018b60      0x590
 *(.gptab.data)
 .gptab.data    0x02018b60      0x590 build/us/bin/segment2.o
 *(.gptab.sdata)

.gptab.sbss
 *(.gptab.bss)
 *(.gptab.sbss)

.mdebug.abi32
 *(.mdebug.abi32)

.mdebug.abiN32
 *(.mdebug.abiN32)

.mdebug.abi64
 *(.mdebug.abi64)

.mdebug.abiO64
 *(.mdebug.abiO64)

.mdebug.eabi32
 *(.mdebug.eabi32)

.mdebug.eabi64
 *(.mdebug.eabi64)

.gcc_compiled_long32
 *(.gcc_compiled_long32)

.gcc_compiled_long64
 *(.gcc_compiled_long64)

/DISCARD/
 *(.note.GNU-stack)
 *(.gnu_debuglink)
 *(.gnu.lto_*)
 *(.gnu_object_only)
OUTPUT(build/us/bin/segment2.elf elf32-tradbigmips)

.mdebug         0x00000000    0x14eb4
 .mdebug        0x00000000    0x180e0 build/us/bin/segment2.o
